******************************************************************************
                  TI ARM Linker PC v20.2.6                     
******************************************************************************
>> Linked Tue Sep  6 13:40:50 2022

OUTPUT FILE NAME:   <Lab1.out>
ENTRY POINT SYMBOL: "_c_int00_noargs"  address: 00002a99


MEMORY CONFIGURATION

         name            origin    length      used     unused   attr    fill
----------------------  --------  ---------  --------  --------  ----  --------
  FLASH                 00000000   00040000  00002f6a  0003d096  R  X
  SRAM                  20000000   00008000  00000790  00007870  RW X


SEGMENT ALLOCATION MAP

run origin  load origin   length   init length attrs members
----------  ----------- ---------- ----------- ----- -------
00000000    00000000    00002f70   00002f70    r-x
  00000000    00000000    0000026c   0000026c    r-- .intvecs
  0000026c    0000026c    00002ab6   00002ab6    r-x .text
  00002d24    00002d24    00000200   00000200    r-- .const
  00002f28    00002f28    00000048   00000048    r-- .cinit
20000000    20000000    00000794   00000000    rw-
  20000000    20000000    0000026c   00000000    rw- .vtable
  20000270    20000270    00000400   00000000    rw- .stack
  20000670    20000670    00000104   00000000    rw- .bss
  20000774    20000774    00000020   00000000    rw- .data


SECTION ALLOCATION MAP

 output                                  attributes/
section   page    origin      length       input sections
--------  ----  ----------  ----------   ----------------
.intvecs   0    00000000    0000026c     
                  00000000    0000026c     tm4c123gh6pm_startup_ccs.obj (.intvecs)

.text      0    0000026c    00002ab6     
                  0000026c    00000a4e     rtsv7M4_T_le_v4SPD16_eabi.lib : _printfi.c.obj (.text:__TI_printfi)
                  00000cba    00000002                                   : div0.asm.obj (.text)
                  00000cbc    000003d0     Util.lib : launchpad.obj (.text)
                  0000108c    00000270     rtsv7M4_T_le_v4SPD16_eabi.lib : _printfi.c.obj (.text:_pconv_a)
                  000012fc    000001d0                                   : _printfi.c.obj (.text:_pconv_g)
                  000014cc    000001b6                                   : fd_add_t2.asm.obj (.text)
                  00001682    00000002     --HOLE-- [fill = 0]
                  00001684    0000016c     driverlib.lib : gpio.obj (.text:GPIOPadConfigSet)
                  000017f0    0000013c     rtsv7M4_T_le_v4SPD16_eabi.lib : _printfi.c.obj (.text:_pconv_e)
                  0000192c    00000136                                   : fd_div_t2.asm.obj (.text)
                  00001a62    00000002     --HOLE-- [fill = 0]
                  00001a64    00000130     main.obj (.text)
                  00001b94    00000124     rtsv7M4_T_le_v4SPD16_eabi.lib : _printfi.c.obj (.text:fcvt)
                  00001cb8    00000118     driverlib.lib : sysctl.obj (.text:SysCtlClockGet)
                  00001dd0    00000110     rtsv7M4_T_le_v4SPD16_eabi.lib : s_scalbn.c.obj (.text:scalbn)
                  00001ee0    000000fc                                   : fd_mul_t2.asm.obj (.text)
                  00001fdc    000000f4     driverlib.lib : sysctl.obj (.text:SysCtlClockSet)
                  000020d0    000000c4     Util.lib : uart.obj (.text)
                  00002194    000000b1     rtsv7M4_T_le_v4SPD16_eabi.lib : _printfi.c.obj (.text:_ltostr)
                  00002245    00000001     --HOLE-- [fill = 0]
                  00002246    0000009c                                   : memcpy_t2.asm.obj (.text)
                  000022e2    00000096                                   : ull_div_t2.asm.obj (.text)
                  00002378    0000008c     Util.lib : pushbutton.obj (.text)
                  00002404    00000086     rtsv7M4_T_le_v4SPD16_eabi.lib : fd_cmp_t2.asm.obj (.text:__aeabi_cdcmple)
                  0000248a    00000086                                   : fd_cmp_t2.asm.obj (.text:__aeabi_cdrcmple)
                  00002510    00000084     Util.lib : led.obj (.text)
                  00002594    0000007a     rtsv7M4_T_le_v4SPD16_eabi.lib : memset_t2.asm.obj (.text)
                  0000260e    0000006e                                   : _printfi.c.obj (.text:_mcpy)
                  0000267c    00000068                                   : copy_decompress_lzss.c.obj (.text:decompress:lzss:__TI_decompress_lzss)
                  000026e4    00000064                                   : s_frexp.c.obj (.text:frexp)
                  00002748    00000056                                   : _printfi.c.obj (.text:_pconv_f)
                  0000279e    00000054                                   : _ltoa.c.obj (.text:__TI_ltoa)
                  000027f2    00000052                                   : _printfi.c.obj (.text:_ecpy)
                  00002844    0000004c     driverlib.lib : gpio.obj (.text:GPIOPinConfigure)
                  00002890    0000004c     rtsv7M4_T_le_v4SPD16_eabi.lib : atoi.c.obj (.text:atoi)
                  000028dc    00000048                                   : fd_toi_t2.asm.obj (.text)
                  00002924    00000046     driverlib.lib : uart.obj (.text:UARTConfigSetExpClk)
                  0000296a    00000002     --HOLE-- [fill = 0]
                  0000296c    00000044     rtsv7M4_T_le_v4SPD16_eabi.lib : autoinit.c.obj (.text:__TI_auto_init_nobinit_nopinit:__TI_auto_init_nobinit_nopinit)
                  000029b0    00000040                                   : vsnprintf.c.obj (.text:vsnprintf)
                  000029f0    0000003e                                   : _printfi.c.obj (.text:_fcpy)
                  00002a2e    00000002     --HOLE-- [fill = 0]
                  00002a30    00000034     driverlib.lib : interrupt.obj (.text:IntRegister)
                  00002a64    00000034                   : sysctl.obj (.text:SysCtlPeripheralEnable)
                  00002a98    00000034     rtsv7M4_T_le_v4SPD16_eabi.lib : boot_cortex_m.c.obj (.text:_c_int00_noargs:_c_int00_noargs)
                  00002acc    00000030                                   : vsnprintf.c.obj (.text:_outs)
                  00002afc    0000002e                                   : i_tofd_t2.asm.obj (.text)
                  00002b2a    0000002c     driverlib.lib : gpio.obj (.text:GPIODirModeSet)
                  00002b56    00000002     --HOLE-- [fill = 0]
                  00002b58    00000020                   : uart.obj (.text:UARTDisable)
                  00002b78    0000001c                   : systick.obj (.text:SysTickIntRegister)
                  00002b94    0000001c     rtsv7M4_T_le_v4SPD16_eabi.lib : copy_zero_init.c.obj (.text:decompress:ZI:__TI_zero_init_nomemset:__TI_zero_init_nomemset)
                  00002bb0    0000001c                                   : memccpy.c.obj (.text:memccpy)
                  00002bcc    0000001a     driverlib.lib : gpio.obj (.text:GPIOPinTypeGPIOOutput)
                  00002be6    0000001a     rtsv7M4_T_le_v4SPD16_eabi.lib : s_copysign.c.obj (.text:copysign)
                  00002c00    00000018                                   : vsnprintf.c.obj (.text:_outc)
                  00002c18    00000016     driverlib.lib : gpio.obj (.text:GPIOPinTypeGPIOInput)
                  00002c2e    00000016                   : gpio.obj (.text:GPIOPinTypeUART)
                  00002c44    00000016     rtsv7M4_T_le_v4SPD16_eabi.lib : strchr.c.obj (.text:strchr)
                  00002c5a    00000002     --HOLE-- [fill = 0]
                  00002c5c    00000014     driverlib.lib : systick.obj (.text:SysTickEnable)
                  00002c70    00000014                   : systick.obj (.text:SysTickIntEnable)
                  00002c84    00000014                   : uart.obj (.text:UARTEnable)
                  00002c98    00000014     rtsv7M4_T_le_v4SPD16_eabi.lib : strlen.c.obj (.text:strlen)
                  00002cac    00000012                                   : wcslen.c.obj (.text:wcslen)
                  00002cbe    00000002     --HOLE-- [fill = 0]
                  00002cc0    00000010     driverlib.lib : systick.obj (.text:SysTickPeriodSet)
                  00002cd0    0000000e     rtsv7M4_T_le_v4SPD16_eabi.lib : copy_decompress_none.c.obj (.text:decompress:none:__TI_decompress_none)
                  00002cde    0000000c     tm4c123gh6pm_startup_ccs.obj (.text)
                  00002cea    0000000a     driverlib.lib : uart.obj (.text:UARTCharGet)
                  00002cf4    0000000a                   : uart.obj (.text:UARTCharPut)
                  00002cfe    00000002     --HOLE-- [fill = 0]
                  00002d00    00000008     rtsv7M4_T_le_v4SPD16_eabi.lib : errno.c.obj (.text:__aeabi_errno_addr)
                  00002d08    00000006     driverlib.lib : gpio.obj (.text:GPIOPinRead)
                  00002d0e    00000006                   : gpio.obj (.text:GPIOPinWrite)
                  00002d14    00000006                   : sysctl.obj (.text:SysCtlDelay)
                  00002d1a    00000004     rtsv7M4_T_le_v4SPD16_eabi.lib : pre_init.c.obj (.text:_system_pre_init)
                  00002d1e    00000004                                   : exit.c.obj (.text:abort:abort)

.const     0    00002d24    00000200     
                  00002d24    00000101     rtsv7M4_T_le_v4SPD16_eabi.lib : ctype.c.obj (.const:.string:_ctypes_)
                  00002e25    00000003     --HOLE-- [fill = 0]
                  00002e28    00000090     driverlib.lib : gpio.obj (.const:g_pui32GPIOBaseAddrs)
                  00002eb8    0000006c                   : sysctl.obj (.const:g_pui32Xtals)

.cinit     0    00002f28    00000048     
                  00002f28    00000012     (.cinit..data.load) [load image, compression = lzss]
                  00002f3a    00000002     --HOLE-- [fill = 0]
                  00002f3c    0000000c     (__TI_handler_table)
                  00002f48    00000008     (.cinit..bss.load) [load image, compression = zero_init]
                  00002f50    00000008     (.cinit..vtable.load) [load image, compression = zero_init]
                  00002f58    00000018     (__TI_cinit_table)

.init_array 
*          0    00000000    00000000     UNINITIALIZED

.vtable    0    20000000    0000026c     UNINITIALIZED
                  20000000    0000026c     driverlib.lib : interrupt.obj (.vtable)

.bss       0    20000670    00000104     UNINITIALIZED
                  20000670    00000100     Util.lib : launchpad.obj (.bss:CallbackHeap)
                  20000770    00000004              : launchpad.obj (.bss)

.data      0    20000774    00000020     UNINITIALIZED
                  20000774    00000009     main.obj (.data:led_colors)
                  2000077d    00000001     Util.lib : pushbutton.obj (.data)
                  2000077e    00000002     --HOLE--
                  20000780    00000008              : launchpad.obj (.data)
                  20000788    00000008     main.obj (.data)
                  20000790    00000004     rtsv7M4_T_le_v4SPD16_eabi.lib : errno.c.obj (.data)

.stack     0    20000270    00000400     UNINITIALIZED
                  20000270    00000004     rtsv7M4_T_le_v4SPD16_eabi.lib : boot_cortex_m.c.obj (.stack)
                  20000274    000003fc     --HOLE--

__llvm_prf_cnts 
*          0    20000000    00000000     UNINITIALIZED

MODULE SUMMARY

       Module                         code    ro data   rw data
       ------                         ----    -------   -------
    .\
       tm4c123gh6pm_startup_ccs.obj   12      620       0      
       main.obj                       304     0         17     
    +--+------------------------------+-------+---------+---------+
       Total:                         316     620       17     
                                                               
    C:/Users/jhubk2/Desktop/Util/Debug/Util.lib
       launchpad.obj                  976     0         268    
       uart.obj                       196     0         0      
       pushbutton.obj                 140     0         1      
       led.obj                        132     0         0      
    +--+------------------------------+-------+---------+---------+
       Total:                         1444    0         269    
                                                               
    C:/ti/TivaWare_C_Series-2.2.0.295/driverlib/ccs/Debug/driverlib.lib
       gpio.obj                       566     144       0      
       sysctl.obj                     582     108       0      
       interrupt.obj                  52      0         620    
       uart.obj                       142     0         0      
       systick.obj                    84      0         0      
    +--+------------------------------+-------+---------+---------+
       Total:                         1426    252       620    
                                                               
    C:\ti\ccs1200\ccs\tools\compiler\ti-cgt-arm_20.2.6.LTS\lib\rtsv7M4_T_le_v4SPD16_eabi.lib
       _printfi.c.obj                 4851    0         0      
       fd_add_t2.asm.obj              438     0         0      
       fd_div_t2.asm.obj              310     0         0      
       s_scalbn.c.obj                 272     0         0      
       fd_cmp_t2.asm.obj              268     0         0      
       ctype.c.obj                    0       257       0      
       fd_mul_t2.asm.obj              252     0         0      
       memcpy_t2.asm.obj              156     0         0      
       ull_div_t2.asm.obj             150     0         0      
       vsnprintf.c.obj                136     0         0      
       memset_t2.asm.obj              122     0         0      
       copy_decompress_lzss.c.obj     104     0         0      
       s_frexp.c.obj                  100     0         0      
       _ltoa.c.obj                    84      0         0      
       atoi.c.obj                     76      0         0      
       fd_toi_t2.asm.obj              72      0         0      
       autoinit.c.obj                 68      0         0      
       boot_cortex_m.c.obj            52      0         0      
       i_tofd_t2.asm.obj              46      0         0      
       copy_zero_init.c.obj           28      0         0      
       memccpy.c.obj                  28      0         0      
       s_copysign.c.obj               26      0         0      
       strchr.c.obj                   22      0         0      
       strlen.c.obj                   20      0         0      
       wcslen.c.obj                   18      0         0      
       copy_decompress_none.c.obj     14      0         0      
       errno.c.obj                    8       0         4      
       exit.c.obj                     4       0         0      
       pre_init.c.obj                 4       0         0      
       div0.asm.obj                   2       0         0      
    +--+------------------------------+-------+---------+---------+
       Total:                         7731    257       4      
                                                               
       Stack:                         0       0         1024   
       Linker Generated:              0       70        0      
    +--+------------------------------+-------+---------+---------+
       Grand Total:                   10917   1199      1934   


LINKER GENERATED COPY TABLES

__TI_cinit_table @ 00002f58 records: 3, size/record: 8, table size: 24
	.data: load addr=00002f28, load size=00000012 bytes, run addr=20000774, run size=00000020 bytes, compression=lzss
	.bss: load addr=00002f48, load size=00000008 bytes, run addr=20000670, run size=00000104 bytes, compression=zero_init
	.vtable: load addr=00002f50, load size=00000008 bytes, run addr=20000000, run size=0000026c bytes, compression=zero_init


LINKER GENERATED HANDLER TABLE

__TI_handler_table @ 00002f3c records: 3, size/record: 4, table size: 12
	index: 0, handler: __TI_zero_init
	index: 1, handler: __TI_decompress_lzss
	index: 2, handler: __TI_decompress_none


GLOBAL SYMBOLS: SORTED ALPHABETICALLY BY Name 

address   name                          
-------   ----                          
00002d1f  C$$EXIT                       
00001ac7  CheckPushButton               
00001a65  FlashLED                      
00002b2b  GPIODirModeSet                
00001685  GPIOPadConfigSet              
00002845  GPIOPinConfigure              
00002d09  GPIOPinRead                   
00002c19  GPIOPinTypeGPIOInput          
00002bcd  GPIOPinTypeGPIOOutput         
00002c2f  GPIOPinTypeUART               
00002d0f  GPIOPinWrite                  
00002a31  IntRegister                   
00002511  LedInit                       
00002533  LedTurnOnOff                  
00000fc7  LpInit                        
000023ad  PbInit                        
00002379  PbInitForced                  
000023c1  PbRead                        
00002cdf  ResetISR                      
00000deb  ScheduleCallback              
00000e65  ScheduleExecute               
00001cb9  SysCtlClockGet                
00001fdd  SysCtlClockSet                
00002d15  SysCtlDelay                   
00002a65  SysCtlPeripheralEnable        
00002c5d  SysTickEnable                 
00002c71  SysTickIntEnable              
00002b79  SysTickIntRegister            
00002cc1  SysTickPeriodSet              
00000d4f  SysTimeGet                    
00000d55  SysTimeReached                
00000d7b  SysTimeWait                   
00000d9f  SysTimeWaitAbsolute           
00002ceb  UARTCharGet                   
00002cf5  UARTCharPut                   
00002925  UARTConfigSetExpClk           
00002b59  UARTDisable                   
00002c85  UARTEnable                    
0000211d  UartGetChar                   
000020d1  UartInit                      
0000210b  UartPutChar                   
0000212f  UartPutString                 
00000f69  WaitMs                        
00000f99  WaitUs                        
20000670  __STACK_END                   
00000400  __STACK_SIZE                  
20000470  __STACK_TOP                   
00002f58  __TI_CINIT_Base               
00002f70  __TI_CINIT_Limit              
00002f3c  __TI_Handler_Table_Base       
00002f48  __TI_Handler_Table_Limit      
0000296d  __TI_auto_init_nobinit_nopinit
0000267d  __TI_decompress_lzss          
00002cd1  __TI_decompress_none          
0000279f  __TI_ltoa                     
ffffffff  __TI_pprof_out_hndl           
0000026d  __TI_printfi                  
ffffffff  __TI_prof_data_size           
ffffffff  __TI_prof_data_start          
00000000  __TI_static_base__            
00002b95  __TI_zero_init_nomemset       
00002405  __aeabi_cdcmpeq               
00002405  __aeabi_cdcmple               
0000248b  __aeabi_cdrcmple              
000028dd  __aeabi_d2iz                  
000014d7  __aeabi_dadd                  
0000192d  __aeabi_ddiv                  
00001ee1  __aeabi_dmul                  
000014cd  __aeabi_dsub                  
00002d01  __aeabi_errno_addr            
00002afd  __aeabi_i2d                   
00000cbb  __aeabi_idiv0                 
00000cbb  __aeabi_ldiv0                 
00002595  __aeabi_memclr                
00002595  __aeabi_memclr4               
00002595  __aeabi_memclr8               
00002247  __aeabi_memcpy                
00002247  __aeabi_memcpy4               
00002247  __aeabi_memcpy8               
00002597  __aeabi_memset                
00002597  __aeabi_memset4               
00002597  __aeabi_memset8               
000022e3  __aeabi_uldivmod              
ffffffff  __binit__                     
ffffffff  __c_args__                    
UNDEFED   __mpu_init                    
20000270  __stack                       
20000000  __start___llvm_prf_cnts       
20000000  __stop___llvm_prf_cnts        
00002a99  _c_int00_noargs               
00002d24  _ctypes_                      
UNDEFED   _system_post_cinit            
00002d1b  _system_pre_init              
00002d1f  abort                         
00002891  atoi                          
ffffffff  binit                         
2000078c  color_choice                  
00002be7  copysign                      
00002be7  copysignl                     
20000790  errno                         
000026e5  frexp                         
000026e5  frexpl                        
20000000  g_pfnRAMVectors               
00000000  g_pfnVectors                  
00001dd1  ldexp                         
00001dd1  ldexpl                        
20000774  led_colors                    
20000788  led_state                     
00001b2b  main                          
00002bb1  memccpy                       
00002247  memcpy                        
0000259d  memset                        
00001dd1  scalbn                        
00001dd1  scalbnl                       
00002c45  strchr                        
00002c99  strlen                        
0000215b  uprintf                       
000029b1  vsnprintf                     
00002cad  wcslen                        


GLOBAL SYMBOLS: SORTED BY Symbol Address 

address   name                          
-------   ----                          
00000000  __TI_static_base__            
00000000  g_pfnVectors                  
0000026d  __TI_printfi                  
00000400  __STACK_SIZE                  
00000cbb  __aeabi_idiv0                 
00000cbb  __aeabi_ldiv0                 
00000d4f  SysTimeGet                    
00000d55  SysTimeReached                
00000d7b  SysTimeWait                   
00000d9f  SysTimeWaitAbsolute           
00000deb  ScheduleCallback              
00000e65  ScheduleExecute               
00000f69  WaitMs                        
00000f99  WaitUs                        
00000fc7  LpInit                        
000014cd  __aeabi_dsub                  
000014d7  __aeabi_dadd                  
00001685  GPIOPadConfigSet              
0000192d  __aeabi_ddiv                  
00001a65  FlashLED                      
00001ac7  CheckPushButton               
00001b2b  main                          
00001cb9  SysCtlClockGet                
00001dd1  ldexp                         
00001dd1  ldexpl                        
00001dd1  scalbn                        
00001dd1  scalbnl                       
00001ee1  __aeabi_dmul                  
00001fdd  SysCtlClockSet                
000020d1  UartInit                      
0000210b  UartPutChar                   
0000211d  UartGetChar                   
0000212f  UartPutString                 
0000215b  uprintf                       
00002247  __aeabi_memcpy                
00002247  __aeabi_memcpy4               
00002247  __aeabi_memcpy8               
00002247  memcpy                        
000022e3  __aeabi_uldivmod              
00002379  PbInitForced                  
000023ad  PbInit                        
000023c1  PbRead                        
00002405  __aeabi_cdcmpeq               
00002405  __aeabi_cdcmple               
0000248b  __aeabi_cdrcmple              
00002511  LedInit                       
00002533  LedTurnOnOff                  
00002595  __aeabi_memclr                
00002595  __aeabi_memclr4               
00002595  __aeabi_memclr8               
00002597  __aeabi_memset                
00002597  __aeabi_memset4               
00002597  __aeabi_memset8               
0000259d  memset                        
0000267d  __TI_decompress_lzss          
000026e5  frexp                         
000026e5  frexpl                        
0000279f  __TI_ltoa                     
00002845  GPIOPinConfigure              
00002891  atoi                          
000028dd  __aeabi_d2iz                  
00002925  UARTConfigSetExpClk           
0000296d  __TI_auto_init_nobinit_nopinit
000029b1  vsnprintf                     
00002a31  IntRegister                   
00002a65  SysCtlPeripheralEnable        
00002a99  _c_int00_noargs               
00002afd  __aeabi_i2d                   
00002b2b  GPIODirModeSet                
00002b59  UARTDisable                   
00002b79  SysTickIntRegister            
00002b95  __TI_zero_init_nomemset       
00002bb1  memccpy                       
00002bcd  GPIOPinTypeGPIOOutput         
00002be7  copysign                      
00002be7  copysignl                     
00002c19  GPIOPinTypeGPIOInput          
00002c2f  GPIOPinTypeUART               
00002c45  strchr                        
00002c5d  SysTickEnable                 
00002c71  SysTickIntEnable              
00002c85  UARTEnable                    
00002c99  strlen                        
00002cad  wcslen                        
00002cc1  SysTickPeriodSet              
00002cd1  __TI_decompress_none          
00002cdf  ResetISR                      
00002ceb  UARTCharGet                   
00002cf5  UARTCharPut                   
00002d01  __aeabi_errno_addr            
00002d09  GPIOPinRead                   
00002d0f  GPIOPinWrite                  
00002d15  SysCtlDelay                   
00002d1b  _system_pre_init              
00002d1f  C$$EXIT                       
00002d1f  abort                         
00002d24  _ctypes_                      
00002f3c  __TI_Handler_Table_Base       
00002f48  __TI_Handler_Table_Limit      
00002f58  __TI_CINIT_Base               
00002f70  __TI_CINIT_Limit              
20000000  __start___llvm_prf_cnts       
20000000  __stop___llvm_prf_cnts        
20000000  g_pfnRAMVectors               
20000270  __stack                       
20000470  __STACK_TOP                   
20000670  __STACK_END                   
20000774  led_colors                    
20000788  led_state                     
2000078c  color_choice                  
20000790  errno                         
ffffffff  __TI_pprof_out_hndl           
ffffffff  __TI_prof_data_size           
ffffffff  __TI_prof_data_start          
ffffffff  __binit__                     
ffffffff  __c_args__                    
ffffffff  binit                         
UNDEFED   __mpu_init                    
UNDEFED   _system_post_cinit            

[119 symbols]
