<?xml version="1.0" encoding="ISO-8859-1" ?>
<link_info>
   <banner>TI ARM Linker PC v20.2.6.LTS</banner>
   <copyright>Copyright (c) 1996-2018 Texas Instruments Incorporated</copyright>
   <link_time>0x63179432</link_time>
   <link_errors>0x0</link_errors>
   <output_file>Lab1.out</output_file>
   <entry_point>
      <name>_c_int00_noargs</name>
      <address>0x2a99</address>
   </entry_point>
   <input_file_list>
      <input_file id="fl-2">
         <path>.\</path>
         <kind>object</kind>
         <file>main.obj</file>
         <name>main.obj</name>
      </input_file>
      <input_file id="fl-3">
         <path>.\</path>
         <kind>object</kind>
         <file>tm4c123gh6pm_startup_ccs.obj</file>
         <name>tm4c123gh6pm_startup_ccs.obj</name>
      </input_file>
      <input_file id="fl-9">
         <kind>object</kind>
         <file>&lt;internal&gt;</file>
         <name>&lt;internal&gt;</name>
      </input_file>
      <input_file id="fl-bf">
         <path>C:\ti\ccs1200\ccs\tools\compiler\ti-cgt-arm_20.2.6.LTS\lib\</path>
         <kind>archive</kind>
         <file>rtsv7M4_T_le_v4SPD16_eabi.lib</file>
         <name>copy_zero_init.c.obj</name>
      </input_file>
      <input_file id="fl-c0">
         <path>C:\ti\ccs1200\ccs\tools\compiler\ti-cgt-arm_20.2.6.LTS\lib\</path>
         <kind>archive</kind>
         <file>rtsv7M4_T_le_v4SPD16_eabi.lib</file>
         <name>copy_decompress_none.c.obj</name>
      </input_file>
      <input_file id="fl-c1">
         <path>C:\ti\ccs1200\ccs\tools\compiler\ti-cgt-arm_20.2.6.LTS\lib\</path>
         <kind>archive</kind>
         <file>rtsv7M4_T_le_v4SPD16_eabi.lib</file>
         <name>copy_decompress_lzss.c.obj</name>
      </input_file>
      <input_file id="fl-c2">
         <path>C:\ti\ccs1200\ccs\tools\compiler\ti-cgt-arm_20.2.6.LTS\lib\</path>
         <kind>archive</kind>
         <file>rtsv7M4_T_le_v4SPD16_eabi.lib</file>
         <name>boot_cortex_m.c.obj</name>
      </input_file>
      <input_file id="fl-c3">
         <path>C:\ti\ccs1200\ccs\tools\compiler\ti-cgt-arm_20.2.6.LTS\lib\</path>
         <kind>archive</kind>
         <file>rtsv7M4_T_le_v4SPD16_eabi.lib</file>
         <name>memcpy_t2.asm.obj</name>
      </input_file>
      <input_file id="fl-c4">
         <path>C:\ti\ccs1200\ccs\tools\compiler\ti-cgt-arm_20.2.6.LTS\lib\</path>
         <kind>archive</kind>
         <file>rtsv7M4_T_le_v4SPD16_eabi.lib</file>
         <name>memset_t2.asm.obj</name>
      </input_file>
      <input_file id="fl-c5">
         <path>C:\ti\ccs1200\ccs\tools\compiler\ti-cgt-arm_20.2.6.LTS\lib\</path>
         <kind>archive</kind>
         <file>rtsv7M4_T_le_v4SPD16_eabi.lib</file>
         <name>autoinit.c.obj</name>
      </input_file>
      <input_file id="fl-c6">
         <path>C:\ti\ccs1200\ccs\tools\compiler\ti-cgt-arm_20.2.6.LTS\lib\</path>
         <kind>archive</kind>
         <file>rtsv7M4_T_le_v4SPD16_eabi.lib</file>
         <name>pre_init.c.obj</name>
      </input_file>
      <input_file id="fl-c7">
         <path>C:\ti\ccs1200\ccs\tools\compiler\ti-cgt-arm_20.2.6.LTS\lib\</path>
         <kind>archive</kind>
         <file>rtsv7M4_T_le_v4SPD16_eabi.lib</file>
         <name>cpy_tbl.c.obj</name>
      </input_file>
      <input_file id="fl-c8">
         <path>C:\ti\ccs1200\ccs\tools\compiler\ti-cgt-arm_20.2.6.LTS\lib\</path>
         <kind>archive</kind>
         <file>rtsv7M4_T_le_v4SPD16_eabi.lib</file>
         <name>exit.c.obj</name>
      </input_file>
      <input_file id="fl-c9">
         <path>C:\ti\ccs1200\ccs\tools\compiler\ti-cgt-arm_20.2.6.LTS\lib\</path>
         <kind>archive</kind>
         <file>rtsv7M4_T_le_v4SPD16_eabi.lib</file>
         <name>_lock.c.obj</name>
      </input_file>
      <input_file id="fl-ca">
         <path>C:\ti\ccs1200\ccs\tools\compiler\ti-cgt-arm_20.2.6.LTS\lib\</path>
         <kind>archive</kind>
         <file>rtsv7M4_T_le_v4SPD16_eabi.lib</file>
         <name>args_main.c.obj</name>
      </input_file>
      <input_file id="fl-cb">
         <path>C:\Users\jhubk2\Desktop\Util\Debug\</path>
         <kind>archive</kind>
         <file>Util.lib</file>
         <name>launchpad.obj</name>
      </input_file>
      <input_file id="fl-cc">
         <path>C:\Users\jhubk2\Desktop\Util\Debug\</path>
         <kind>archive</kind>
         <file>Util.lib</file>
         <name>led.obj</name>
      </input_file>
      <input_file id="fl-cd">
         <path>C:\Users\jhubk2\Desktop\Util\Debug\</path>
         <kind>archive</kind>
         <file>Util.lib</file>
         <name>pushbutton.obj</name>
      </input_file>
      <input_file id="fl-ce">
         <path>C:\Users\jhubk2\Desktop\Util\Debug\</path>
         <kind>archive</kind>
         <file>Util.lib</file>
         <name>uart.obj</name>
      </input_file>
      <input_file id="fl-cf">
         <path>C:\ti\ccs1200\ccs\tools\compiler\ti-cgt-arm_20.2.6.LTS\lib\</path>
         <kind>archive</kind>
         <file>rtsv7M4_T_le_v4SPD16_eabi.lib</file>
         <name>vsnprintf.c.obj</name>
      </input_file>
      <input_file id="fl-d0">
         <path>C:\ti\ccs1200\ccs\tools\compiler\ti-cgt-arm_20.2.6.LTS\lib\</path>
         <kind>archive</kind>
         <file>rtsv7M4_T_le_v4SPD16_eabi.lib</file>
         <name>ull_div_t2.asm.obj</name>
      </input_file>
      <input_file id="fl-d1">
         <path>C:\ti\ccs1200\ccs\tools\compiler\ti-cgt-arm_20.2.6.LTS\lib\</path>
         <kind>archive</kind>
         <file>rtsv7M4_T_le_v4SPD16_eabi.lib</file>
         <name>_printfi.c.obj</name>
      </input_file>
      <input_file id="fl-d2">
         <path>C:\ti\ccs1200\ccs\tools\compiler\ti-cgt-arm_20.2.6.LTS\lib\</path>
         <kind>archive</kind>
         <file>rtsv7M4_T_le_v4SPD16_eabi.lib</file>
         <name>div0.asm.obj</name>
      </input_file>
      <input_file id="fl-d3">
         <path>C:\ti\ccs1200\ccs\tools\compiler\ti-cgt-arm_20.2.6.LTS\lib\</path>
         <kind>archive</kind>
         <file>rtsv7M4_T_le_v4SPD16_eabi.lib</file>
         <name>fd_add_t2.asm.obj</name>
      </input_file>
      <input_file id="fl-d4">
         <path>C:\ti\ccs1200\ccs\tools\compiler\ti-cgt-arm_20.2.6.LTS\lib\</path>
         <kind>archive</kind>
         <file>rtsv7M4_T_le_v4SPD16_eabi.lib</file>
         <name>fd_cmp_t2.asm.obj</name>
      </input_file>
      <input_file id="fl-d5">
         <path>C:\ti\ccs1200\ccs\tools\compiler\ti-cgt-arm_20.2.6.LTS\lib\</path>
         <kind>archive</kind>
         <file>rtsv7M4_T_le_v4SPD16_eabi.lib</file>
         <name>fd_div_t2.asm.obj</name>
      </input_file>
      <input_file id="fl-d6">
         <path>C:\ti\ccs1200\ccs\tools\compiler\ti-cgt-arm_20.2.6.LTS\lib\</path>
         <kind>archive</kind>
         <file>rtsv7M4_T_le_v4SPD16_eabi.lib</file>
         <name>fd_mul_t2.asm.obj</name>
      </input_file>
      <input_file id="fl-d7">
         <path>C:\ti\ccs1200\ccs\tools\compiler\ti-cgt-arm_20.2.6.LTS\lib\</path>
         <kind>archive</kind>
         <file>rtsv7M4_T_le_v4SPD16_eabi.lib</file>
         <name>fd_toi_t2.asm.obj</name>
      </input_file>
      <input_file id="fl-d8">
         <path>C:\ti\ccs1200\ccs\tools\compiler\ti-cgt-arm_20.2.6.LTS\lib\</path>
         <kind>archive</kind>
         <file>rtsv7M4_T_le_v4SPD16_eabi.lib</file>
         <name>i_tofd_t2.asm.obj</name>
      </input_file>
      <input_file id="fl-d9">
         <path>C:\ti\ccs1200\ccs\tools\compiler\ti-cgt-arm_20.2.6.LTS\lib\</path>
         <kind>archive</kind>
         <file>rtsv7M4_T_le_v4SPD16_eabi.lib</file>
         <name>_ltoa.c.obj</name>
      </input_file>
      <input_file id="fl-da">
         <path>C:\ti\ccs1200\ccs\tools\compiler\ti-cgt-arm_20.2.6.LTS\lib\</path>
         <kind>archive</kind>
         <file>rtsv7M4_T_le_v4SPD16_eabi.lib</file>
         <name>atoi.c.obj</name>
      </input_file>
      <input_file id="fl-db">
         <path>C:\ti\ccs1200\ccs\tools\compiler\ti-cgt-arm_20.2.6.LTS\lib\</path>
         <kind>archive</kind>
         <file>rtsv7M4_T_le_v4SPD16_eabi.lib</file>
         <name>ctype.c.obj</name>
      </input_file>
      <input_file id="fl-dc">
         <path>C:\ti\ccs1200\ccs\tools\compiler\ti-cgt-arm_20.2.6.LTS\lib\</path>
         <kind>archive</kind>
         <file>rtsv7M4_T_le_v4SPD16_eabi.lib</file>
         <name>memccpy.c.obj</name>
      </input_file>
      <input_file id="fl-dd">
         <path>C:\ti\ccs1200\ccs\tools\compiler\ti-cgt-arm_20.2.6.LTS\lib\</path>
         <kind>archive</kind>
         <file>rtsv7M4_T_le_v4SPD16_eabi.lib</file>
         <name>strchr.c.obj</name>
      </input_file>
      <input_file id="fl-de">
         <path>C:\ti\ccs1200\ccs\tools\compiler\ti-cgt-arm_20.2.6.LTS\lib\</path>
         <kind>archive</kind>
         <file>rtsv7M4_T_le_v4SPD16_eabi.lib</file>
         <name>strlen.c.obj</name>
      </input_file>
      <input_file id="fl-df">
         <path>C:\ti\ccs1200\ccs\tools\compiler\ti-cgt-arm_20.2.6.LTS\lib\</path>
         <kind>archive</kind>
         <file>rtsv7M4_T_le_v4SPD16_eabi.lib</file>
         <name>errno.c.obj</name>
      </input_file>
      <input_file id="fl-e0">
         <path>C:\ti\ccs1200\ccs\tools\compiler\ti-cgt-arm_20.2.6.LTS\lib\</path>
         <kind>archive</kind>
         <file>rtsv7M4_T_le_v4SPD16_eabi.lib</file>
         <name>s_frexp.c.obj</name>
      </input_file>
      <input_file id="fl-e1">
         <path>C:\ti\ccs1200\ccs\tools\compiler\ti-cgt-arm_20.2.6.LTS\lib\</path>
         <kind>archive</kind>
         <file>rtsv7M4_T_le_v4SPD16_eabi.lib</file>
         <name>s_scalbn.c.obj</name>
      </input_file>
      <input_file id="fl-e2">
         <path>C:\ti\ccs1200\ccs\tools\compiler\ti-cgt-arm_20.2.6.LTS\lib\</path>
         <kind>archive</kind>
         <file>rtsv7M4_T_le_v4SPD16_eabi.lib</file>
         <name>s_copysign.c.obj</name>
      </input_file>
      <input_file id="fl-e3">
         <path>C:\ti\ccs1200\ccs\tools\compiler\ti-cgt-arm_20.2.6.LTS\lib\</path>
         <kind>archive</kind>
         <file>rtsv7M4_T_le_v4SPD16_eabi.lib</file>
         <name>wcslen.c.obj</name>
      </input_file>
      <input_file id="fl-e4">
         <path>C:\ti\TivaWare_C_Series-2.2.0.295\driverlib\ccs\Debug\</path>
         <kind>archive</kind>
         <file>driverlib.lib</file>
         <name>gpio.obj</name>
      </input_file>
      <input_file id="fl-e5">
         <path>C:\ti\TivaWare_C_Series-2.2.0.295\driverlib\ccs\Debug\</path>
         <kind>archive</kind>
         <file>driverlib.lib</file>
         <name>interrupt.obj</name>
      </input_file>
      <input_file id="fl-e6">
         <path>C:\ti\TivaWare_C_Series-2.2.0.295\driverlib\ccs\Debug\</path>
         <kind>archive</kind>
         <file>driverlib.lib</file>
         <name>sysctl.obj</name>
      </input_file>
      <input_file id="fl-e7">
         <path>C:\ti\TivaWare_C_Series-2.2.0.295\driverlib\ccs\Debug\</path>
         <kind>archive</kind>
         <file>driverlib.lib</file>
         <name>systick.obj</name>
      </input_file>
      <input_file id="fl-e8">
         <path>C:\ti\TivaWare_C_Series-2.2.0.295\driverlib\ccs\Debug\</path>
         <kind>archive</kind>
         <file>driverlib.lib</file>
         <name>uart.obj</name>
      </input_file>
      <input_file id="fl-e9">
         <path>C:\ti\TivaWare_C_Series-2.2.0.295\driverlib\ccs\Debug\</path>
         <kind>archive</kind>
         <file>driverlib.lib</file>
         <name>cpu.obj</name>
      </input_file>
   </input_file_list>
   <object_component_list>
      <object_component id="oc-12">
         <name>.intvecs</name>
         <load_address>0x0</load_address>
         <run_address>0x0</run_address>
         <size>0x26c</size>
         <input_file_ref idref="fl-3"/>
      </object_component>
      <object_component id="oc-225">
         <name>.text:__TI_printfi</name>
         <load_address>0x26c</load_address>
         <run_address>0x26c</run_address>
         <size>0xa4e</size>
         <input_file_ref idref="fl-d1"/>
      </object_component>
      <object_component id="oc-1ed">
         <name>.text</name>
         <load_address>0xcba</load_address>
         <run_address>0xcba</run_address>
         <size>0x2</size>
         <input_file_ref idref="fl-d2"/>
      </object_component>
      <object_component id="oc-ce">
         <name>.text</name>
         <load_address>0xcbc</load_address>
         <run_address>0xcbc</run_address>
         <size>0x3d0</size>
         <input_file_ref idref="fl-cb"/>
      </object_component>
      <object_component id="oc-2bc">
         <name>.text:_pconv_a</name>
         <load_address>0x108c</load_address>
         <run_address>0x108c</run_address>
         <size>0x270</size>
         <input_file_ref idref="fl-d1"/>
      </object_component>
      <object_component id="oc-2aa">
         <name>.text:_pconv_g</name>
         <load_address>0x12fc</load_address>
         <run_address>0x12fc</run_address>
         <size>0x1d0</size>
         <input_file_ref idref="fl-d1"/>
      </object_component>
      <object_component id="oc-31f">
         <name>.text</name>
         <load_address>0x14cc</load_address>
         <run_address>0x14cc</run_address>
         <size>0x1b6</size>
         <input_file_ref idref="fl-d3"/>
      </object_component>
      <object_component id="oc-17a">
         <name>.text:GPIOPadConfigSet</name>
         <load_address>0x1684</load_address>
         <run_address>0x1684</run_address>
         <size>0x16c</size>
         <input_file_ref idref="fl-e4"/>
      </object_component>
      <object_component id="oc-2b6">
         <name>.text:_pconv_e</name>
         <load_address>0x17f0</load_address>
         <run_address>0x17f0</run_address>
         <size>0x13c</size>
         <input_file_ref idref="fl-d1"/>
      </object_component>
      <object_component id="oc-305">
         <name>.text</name>
         <load_address>0x192c</load_address>
         <run_address>0x192c</run_address>
         <size>0x136</size>
         <input_file_ref idref="fl-d5"/>
      </object_component>
      <object_component id="oc-9b">
         <name>.text</name>
         <load_address>0x1a64</load_address>
         <run_address>0x1a64</run_address>
         <size>0x130</size>
         <input_file_ref idref="fl-2"/>
      </object_component>
      <object_component id="oc-331">
         <name>.text:fcvt</name>
         <load_address>0x1b94</load_address>
         <run_address>0x1b94</run_address>
         <size>0x124</size>
         <input_file_ref idref="fl-d1"/>
      </object_component>
      <object_component id="oc-151">
         <name>.text:SysCtlClockGet</name>
         <load_address>0x1cb8</load_address>
         <run_address>0x1cb8</run_address>
         <size>0x118</size>
         <input_file_ref idref="fl-e6"/>
      </object_component>
      <object_component id="oc-345">
         <name>.text:scalbn</name>
         <load_address>0x1dd0</load_address>
         <run_address>0x1dd0</run_address>
         <size>0x110</size>
         <input_file_ref idref="fl-e1"/>
      </object_component>
      <object_component id="oc-300">
         <name>.text</name>
         <load_address>0x1ee0</load_address>
         <run_address>0x1ee0</run_address>
         <size>0xfc</size>
         <input_file_ref idref="fl-d6"/>
      </object_component>
      <object_component id="oc-14b">
         <name>.text:SysCtlClockSet</name>
         <load_address>0x1fdc</load_address>
         <run_address>0x1fdc</run_address>
         <size>0xf4</size>
         <input_file_ref idref="fl-e6"/>
      </object_component>
      <object_component id="oc-da">
         <name>.text</name>
         <load_address>0x20d0</load_address>
         <run_address>0x20d0</run_address>
         <size>0xc4</size>
         <input_file_ref idref="fl-ce"/>
      </object_component>
      <object_component id="oc-29f">
         <name>.text:_ltostr</name>
         <load_address>0x2194</load_address>
         <run_address>0x2194</run_address>
         <size>0xb1</size>
         <input_file_ref idref="fl-d1"/>
      </object_component>
      <object_component id="oc-3b">
         <name>.text</name>
         <load_address>0x2246</load_address>
         <run_address>0x2246</run_address>
         <size>0x9c</size>
         <input_file_ref idref="fl-c3"/>
      </object_component>
      <object_component id="oc-145">
         <name>.text</name>
         <load_address>0x22e2</load_address>
         <run_address>0x22e2</run_address>
         <size>0x96</size>
         <input_file_ref idref="fl-d0"/>
      </object_component>
      <object_component id="oc-d4">
         <name>.text</name>
         <load_address>0x2378</load_address>
         <run_address>0x2378</run_address>
         <size>0x8c</size>
         <input_file_ref idref="fl-cd"/>
      </object_component>
      <object_component id="oc-2a5">
         <name>.text:__aeabi_cdcmple</name>
         <load_address>0x2404</load_address>
         <run_address>0x2404</run_address>
         <size>0x86</size>
         <input_file_ref idref="fl-d4"/>
      </object_component>
      <object_component id="oc-30a">
         <name>.text:__aeabi_cdrcmple</name>
         <load_address>0x248a</load_address>
         <run_address>0x248a</run_address>
         <size>0x86</size>
         <input_file_ref idref="fl-d4"/>
      </object_component>
      <object_component id="oc-c8">
         <name>.text</name>
         <load_address>0x2510</load_address>
         <run_address>0x2510</run_address>
         <size>0x84</size>
         <input_file_ref idref="fl-cc"/>
      </object_component>
      <object_component id="oc-8f">
         <name>.text</name>
         <load_address>0x2594</load_address>
         <run_address>0x2594</run_address>
         <size>0x7a</size>
         <input_file_ref idref="fl-c4"/>
      </object_component>
      <object_component id="oc-32a">
         <name>.text:_mcpy</name>
         <load_address>0x260e</load_address>
         <run_address>0x260e</run_address>
         <size>0x6e</size>
         <input_file_ref idref="fl-d1"/>
      </object_component>
      <object_component id="oc-15">
         <name>.text:decompress:lzss:__TI_decompress_lzss</name>
         <load_address>0x267c</load_address>
         <run_address>0x267c</run_address>
         <size>0x68</size>
         <input_file_ref idref="fl-c1"/>
      </object_component>
      <object_component id="oc-33f">
         <name>.text:frexp</name>
         <load_address>0x26e4</load_address>
         <run_address>0x26e4</run_address>
         <size>0x64</size>
         <input_file_ref idref="fl-e0"/>
      </object_component>
      <object_component id="oc-2b0">
         <name>.text:_pconv_f</name>
         <load_address>0x2748</load_address>
         <run_address>0x2748</run_address>
         <size>0x56</size>
         <input_file_ref idref="fl-d1"/>
      </object_component>
      <object_component id="oc-314">
         <name>.text:__TI_ltoa</name>
         <load_address>0x279e</load_address>
         <run_address>0x279e</run_address>
         <size>0x54</size>
         <input_file_ref idref="fl-d9"/>
      </object_component>
      <object_component id="oc-324">
         <name>.text:_ecpy</name>
         <load_address>0x27f2</load_address>
         <run_address>0x27f2</run_address>
         <size>0x52</size>
         <input_file_ref idref="fl-d1"/>
      </object_component>
      <object_component id="oc-18a">
         <name>.text:GPIOPinConfigure</name>
         <load_address>0x2844</load_address>
         <run_address>0x2844</run_address>
         <size>0x4c</size>
         <input_file_ref idref="fl-e4"/>
      </object_component>
      <object_component id="oc-299">
         <name>.text:atoi</name>
         <load_address>0x2890</load_address>
         <run_address>0x2890</run_address>
         <size>0x4c</size>
         <input_file_ref idref="fl-da"/>
      </object_component>
      <object_component id="oc-30f">
         <name>.text</name>
         <load_address>0x28dc</load_address>
         <run_address>0x28dc</run_address>
         <size>0x48</size>
         <input_file_ref idref="fl-d7"/>
      </object_component>
      <object_component id="oc-196">
         <name>.text:UARTConfigSetExpClk</name>
         <load_address>0x2924</load_address>
         <run_address>0x2924</run_address>
         <size>0x46</size>
         <input_file_ref idref="fl-e8"/>
      </object_component>
      <object_component id="oc-f8">
         <name>.text:__TI_auto_init_nobinit_nopinit:__TI_auto_init_nobinit_nopinit</name>
         <load_address>0x296c</load_address>
         <run_address>0x296c</run_address>
         <size>0x44</size>
         <input_file_ref idref="fl-c5"/>
      </object_component>
      <object_component id="oc-1a8">
         <name>.text:vsnprintf</name>
         <load_address>0x29b0</load_address>
         <run_address>0x29b0</run_address>
         <size>0x40</size>
         <input_file_ref idref="fl-cf"/>
      </object_component>
      <object_component id="oc-337">
         <name>.text:_fcpy</name>
         <load_address>0x29f0</load_address>
         <run_address>0x29f0</run_address>
         <size>0x3e</size>
         <input_file_ref idref="fl-d1"/>
      </object_component>
      <object_component id="oc-1fa">
         <name>.text:IntRegister</name>
         <load_address>0x2a30</load_address>
         <run_address>0x2a30</run_address>
         <size>0x34</size>
         <input_file_ref idref="fl-e5"/>
      </object_component>
      <object_component id="oc-12c">
         <name>.text:SysCtlPeripheralEnable</name>
         <load_address>0x2a64</load_address>
         <run_address>0x2a64</run_address>
         <size>0x34</size>
         <input_file_ref idref="fl-e6"/>
      </object_component>
      <object_component id="oc-59">
         <name>.text:_c_int00_noargs:_c_int00_noargs</name>
         <load_address>0x2a98</load_address>
         <run_address>0x2a98</run_address>
         <size>0x34</size>
         <input_file_ref idref="fl-c2"/>
      </object_component>
      <object_component id="oc-22b">
         <name>.text:_outs</name>
         <load_address>0x2acc</load_address>
         <run_address>0x2acc</run_address>
         <size>0x30</size>
         <input_file_ref idref="fl-cf"/>
      </object_component>
      <object_component id="oc-31a">
         <name>.text</name>
         <load_address>0x2afc</load_address>
         <run_address>0x2afc</run_address>
         <size>0x2e</size>
         <input_file_ref idref="fl-d8"/>
      </object_component>
      <object_component id="oc-1e0">
         <name>.text:GPIODirModeSet</name>
         <load_address>0x2b2a</load_address>
         <run_address>0x2b2a</run_address>
         <size>0x2c</size>
         <input_file_ref idref="fl-e4"/>
      </object_component>
      <object_component id="oc-215">
         <name>.text:UARTDisable</name>
         <load_address>0x2b58</load_address>
         <run_address>0x2b58</run_address>
         <size>0x20</size>
         <input_file_ref idref="fl-e8"/>
      </object_component>
      <object_component id="oc-15d">
         <name>.text:SysTickIntRegister</name>
         <load_address>0x2b78</load_address>
         <run_address>0x2b78</run_address>
         <size>0x1c</size>
         <input_file_ref idref="fl-e7"/>
      </object_component>
      <object_component id="oc-47">
         <name>.text:decompress:ZI:__TI_zero_init_nomemset:__TI_zero_init_nomemset</name>
         <load_address>0x2b94</load_address>
         <run_address>0x2b94</run_address>
         <size>0x1c</size>
         <input_file_ref idref="fl-bf"/>
      </object_component>
      <object_component id="oc-2c2">
         <name>.text:memccpy</name>
         <load_address>0x2bb0</load_address>
         <run_address>0x2bb0</run_address>
         <size>0x1c</size>
         <input_file_ref idref="fl-dc"/>
      </object_component>
      <object_component id="oc-132">
         <name>.text:GPIOPinTypeGPIOOutput</name>
         <load_address>0x2bcc</load_address>
         <run_address>0x2bcc</run_address>
         <size>0x1a</size>
         <input_file_ref idref="fl-e4"/>
      </object_component>
      <object_component id="oc-386">
         <name>.text:copysign</name>
         <load_address>0x2be6</load_address>
         <run_address>0x2be6</run_address>
         <size>0x1a</size>
         <input_file_ref idref="fl-e2"/>
      </object_component>
      <object_component id="oc-231">
         <name>.text:_outc</name>
         <load_address>0x2c00</load_address>
         <run_address>0x2c00</run_address>
         <size>0x18</size>
         <input_file_ref idref="fl-cf"/>
      </object_component>
      <object_component id="oc-174">
         <name>.text:GPIOPinTypeGPIOInput</name>
         <load_address>0x2c18</load_address>
         <run_address>0x2c18</run_address>
         <size>0x16</size>
         <input_file_ref idref="fl-e4"/>
      </object_component>
      <object_component id="oc-190">
         <name>.text:GPIOPinTypeUART</name>
         <load_address>0x2c2e</load_address>
         <run_address>0x2c2e</run_address>
         <size>0x16</size>
         <input_file_ref idref="fl-e4"/>
      </object_component>
      <object_component id="oc-34b">
         <name>.text:strchr</name>
         <load_address>0x2c44</load_address>
         <run_address>0x2c44</run_address>
         <size>0x16</size>
         <input_file_ref idref="fl-dd"/>
      </object_component>
      <object_component id="oc-169">
         <name>.text:SysTickEnable</name>
         <load_address>0x2c5c</load_address>
         <run_address>0x2c5c</run_address>
         <size>0x14</size>
         <input_file_ref idref="fl-e7"/>
      </object_component>
      <object_component id="oc-163">
         <name>.text:SysTickIntEnable</name>
         <load_address>0x2c70</load_address>
         <run_address>0x2c70</run_address>
         <size>0x14</size>
         <input_file_ref idref="fl-e7"/>
      </object_component>
      <object_component id="oc-21b">
         <name>.text:UARTEnable</name>
         <load_address>0x2c84</load_address>
         <run_address>0x2c84</run_address>
         <size>0x14</size>
         <input_file_ref idref="fl-e8"/>
      </object_component>
      <object_component id="oc-293">
         <name>.text:strlen</name>
         <load_address>0x2c98</load_address>
         <run_address>0x2c98</run_address>
         <size>0x14</size>
         <input_file_ref idref="fl-de"/>
      </object_component>
      <object_component id="oc-2c8">
         <name>.text:wcslen</name>
         <load_address>0x2cac</load_address>
         <run_address>0x2cac</run_address>
         <size>0x12</size>
         <input_file_ref idref="fl-e3"/>
      </object_component>
      <object_component id="oc-157">
         <name>.text:SysTickPeriodSet</name>
         <load_address>0x2cc0</load_address>
         <run_address>0x2cc0</run_address>
         <size>0x10</size>
         <input_file_ref idref="fl-e7"/>
      </object_component>
      <object_component id="oc-1b">
         <name>.text:decompress:none:__TI_decompress_none</name>
         <load_address>0x2cd0</load_address>
         <run_address>0x2cd0</run_address>
         <size>0xe</size>
         <input_file_ref idref="fl-c0"/>
      </object_component>
      <object_component id="oc-27">
         <name>.text</name>
         <load_address>0x2cde</load_address>
         <run_address>0x2cde</run_address>
         <size>0xc</size>
         <input_file_ref idref="fl-3"/>
      </object_component>
      <object_component id="oc-1a2">
         <name>.text:UARTCharGet</name>
         <load_address>0x2cea</load_address>
         <run_address>0x2cea</run_address>
         <size>0xa</size>
         <input_file_ref idref="fl-e8"/>
      </object_component>
      <object_component id="oc-19c">
         <name>.text:UARTCharPut</name>
         <load_address>0x2cf4</load_address>
         <run_address>0x2cf4</run_address>
         <size>0xa</size>
         <input_file_ref idref="fl-e8"/>
      </object_component>
      <object_component id="oc-2ce">
         <name>.text:__aeabi_errno_addr</name>
         <load_address>0x2d00</load_address>
         <run_address>0x2d00</run_address>
         <size>0x8</size>
         <input_file_ref idref="fl-df"/>
      </object_component>
      <object_component id="oc-180">
         <name>.text:GPIOPinRead</name>
         <load_address>0x2d08</load_address>
         <run_address>0x2d08</run_address>
         <size>0x6</size>
         <input_file_ref idref="fl-e4"/>
      </object_component>
      <object_component id="oc-138">
         <name>.text:GPIOPinWrite</name>
         <load_address>0x2d0e</load_address>
         <run_address>0x2d0e</run_address>
         <size>0x6</size>
         <input_file_ref idref="fl-e4"/>
      </object_component>
      <object_component id="oc-14a">
         <name>.text:SysCtlDelay</name>
         <load_address>0x2d14</load_address>
         <run_address>0x2d14</run_address>
         <size>0x6</size>
         <input_file_ref idref="fl-e6"/>
      </object_component>
      <object_component id="oc-95">
         <name>.text:_system_pre_init</name>
         <load_address>0x2d1a</load_address>
         <run_address>0x2d1a</run_address>
         <size>0x4</size>
         <input_file_ref idref="fl-c6"/>
      </object_component>
      <object_component id="oc-ec">
         <name>.text:abort:abort</name>
         <load_address>0x2d1e</load_address>
         <run_address>0x2d1e</run_address>
         <size>0x4</size>
         <input_file_ref idref="fl-c8"/>
      </object_component>
      <object_component id="oc-2f9">
         <name>.const:.string:_ctypes_</name>
         <load_address>0x2d24</load_address>
         <run_address>0x2d24</run_address>
         <size>0x101</size>
         <input_file_ref idref="fl-db"/>
      </object_component>
      <object_component id="oc-210">
         <name>.const:g_pui32GPIOBaseAddrs</name>
         <load_address>0x2e28</load_address>
         <run_address>0x2e28</run_address>
         <size>0x90</size>
         <input_file_ref idref="fl-e4"/>
      </object_component>
      <object_component id="oc-1f4">
         <name>.const:g_pui32Xtals</name>
         <load_address>0x2eb8</load_address>
         <run_address>0x2eb8</run_address>
         <size>0x6c</size>
         <input_file_ref idref="fl-e6"/>
      </object_component>
      <object_component id="oc-3de">
         <name>.cinit..data.load</name>
         <load_address>0x2f28</load_address>
         <run_address>0x2f28</run_address>
         <size>0x12</size>
      </object_component>
      <object_component id="oc-3db">
         <name>__TI_handler_table</name>
         <load_address>0x2f3c</load_address>
         <run_address>0x2f3c</run_address>
         <size>0xc</size>
      </object_component>
      <object_component id="oc-3df">
         <name>.cinit..bss.load</name>
         <load_address>0x2f48</load_address>
         <run_address>0x2f48</run_address>
         <size>0x8</size>
      </object_component>
      <object_component id="oc-3dd">
         <name>.cinit..vtable.load</name>
         <load_address>0x2f50</load_address>
         <run_address>0x2f50</run_address>
         <size>0x8</size>
      </object_component>
      <object_component id="oc-3dc">
         <name>__TI_cinit_table</name>
         <load_address>0x2f58</load_address>
         <run_address>0x2f58</run_address>
         <size>0x18</size>
      </object_component>
      <object_component id="oc-288">
         <name>.vtable</name>
         <uninitialized>true</uninitialized>
         <run_address>0x20000000</run_address>
         <size>0x26c</size>
         <input_file_ref idref="fl-e5"/>
      </object_component>
      <object_component id="oc-e0">
         <name>.data</name>
         <load_address>0x20000788</load_address>
         <run_address>0x20000788</run_address>
         <size>0x8</size>
         <input_file_ref idref="fl-2"/>
      </object_component>
      <object_component id="oc-e3">
         <name>.data:led_colors</name>
         <load_address>0x20000774</load_address>
         <run_address>0x20000774</run_address>
         <size>0x9</size>
         <input_file_ref idref="fl-2"/>
      </object_component>
      <object_component id="oc-13f">
         <name>.data</name>
         <load_address>0x20000780</load_address>
         <run_address>0x20000780</run_address>
         <size>0x8</size>
         <input_file_ref idref="fl-cb"/>
      </object_component>
      <object_component id="oc-186">
         <name>.data</name>
         <load_address>0x2000077d</load_address>
         <run_address>0x2000077d</run_address>
         <size>0x1</size>
         <input_file_ref idref="fl-cd"/>
      </object_component>
      <object_component id="oc-35b">
         <name>.data</name>
         <load_address>0x20000790</load_address>
         <run_address>0x20000790</run_address>
         <size>0x4</size>
         <input_file_ref idref="fl-df"/>
      </object_component>
      <object_component id="oc-16f">
         <name>.bss</name>
         <uninitialized>true</uninitialized>
         <run_address>0x20000770</run_address>
         <size>0x4</size>
         <input_file_ref idref="fl-cb"/>
      </object_component>
      <object_component id="oc-142">
         <name>.bss:CallbackHeap</name>
         <uninitialized>true</uninitialized>
         <run_address>0x20000670</run_address>
         <size>0x100</size>
         <input_file_ref idref="fl-cb"/>
      </object_component>
      <object_component id="oc-24">
         <name>.stack</name>
         <uninitialized>true</uninitialized>
         <run_address>0x20000270</run_address>
         <size>0x4</size>
         <input_file_ref idref="fl-c2"/>
      </object_component>
      <object_component id="oc-3e1">
         <name>.stack</name>
         <uninitialized>true</uninitialized>
         <run_address>0x20000270</run_address>
         <size>0x0</size>
      </object_component>
      <object_component id="oc-b7">
         <name>.debug_info</name>
         <load_address>0x0</load_address>
         <run_address>0x0</run_address>
         <size>0x365</size>
         <input_file_ref idref="fl-2"/>
      </object_component>
      <object_component id="oc-e1">
         <name>.debug_info</name>
         <load_address>0x365</load_address>
         <run_address>0x365</run_address>
         <size>0xf3</size>
         <input_file_ref idref="fl-2"/>
      </object_component>
      <object_component id="oc-e4">
         <name>.debug_info</name>
         <load_address>0x458</load_address>
         <run_address>0x458</run_address>
         <size>0xcc</size>
         <input_file_ref idref="fl-2"/>
      </object_component>
      <object_component id="oc-9e">
         <name>.debug_info</name>
         <load_address>0x524</load_address>
         <run_address>0x524</run_address>
         <size>0x2d2</size>
         <input_file_ref idref="fl-2"/>
      </object_component>
      <object_component id="oc-e7">
         <name>.debug_info</name>
         <load_address>0x7f6</load_address>
         <run_address>0x7f6</run_address>
         <size>0x9b</size>
         <input_file_ref idref="fl-2"/>
      </object_component>
      <object_component id="oc-70">
         <name>.debug_info</name>
         <load_address>0x891</load_address>
         <run_address>0x891</run_address>
         <size>0x26b</size>
         <input_file_ref idref="fl-2"/>
      </object_component>
      <object_component id="oc-b2">
         <name>.debug_info</name>
         <load_address>0xafc</load_address>
         <run_address>0xafc</run_address>
         <size>0x8b</size>
         <input_file_ref idref="fl-2"/>
      </object_component>
      <object_component id="oc-ad">
         <name>.debug_info</name>
         <load_address>0xb87</load_address>
         <run_address>0xb87</run_address>
         <size>0x2a4</size>
         <input_file_ref idref="fl-2"/>
      </object_component>
      <object_component id="oc-75">
         <name>.debug_info</name>
         <load_address>0xe2b</load_address>
         <run_address>0xe2b</run_address>
         <size>0xbb</size>
         <input_file_ref idref="fl-2"/>
      </object_component>
      <object_component id="oc-245">
         <name>.debug_info</name>
         <load_address>0xee6</load_address>
         <run_address>0xee6</run_address>
         <size>0xcc</size>
         <input_file_ref idref="fl-2"/>
      </object_component>
      <object_component id="oc-1b0">
         <name>.debug_info</name>
         <load_address>0xfb2</load_address>
         <run_address>0xfb2</run_address>
         <size>0x2c</size>
         <input_file_ref idref="fl-2"/>
      </object_component>
      <object_component id="oc-2f">
         <name>.debug_info</name>
         <load_address>0xfde</load_address>
         <run_address>0xfde</run_address>
         <size>0x2a5</size>
         <input_file_ref idref="fl-3"/>
      </object_component>
      <object_component id="oc-13">
         <name>.debug_info</name>
         <load_address>0x1283</load_address>
         <run_address>0x1283</run_address>
         <size>0xe4</size>
         <input_file_ref idref="fl-3"/>
      </object_component>
      <object_component id="oc-28">
         <name>.debug_info</name>
         <load_address>0x1367</load_address>
         <run_address>0x1367</run_address>
         <size>0x260</size>
         <input_file_ref idref="fl-3"/>
      </object_component>
      <object_component id="oc-36">
         <name>.debug_info</name>
         <load_address>0x15c7</load_address>
         <run_address>0x15c7</run_address>
         <size>0x84</size>
         <input_file_ref idref="fl-3"/>
      </object_component>
      <object_component id="oc-8e">
         <name>.debug_info</name>
         <load_address>0x164b</load_address>
         <run_address>0x164b</run_address>
         <size>0x2d4</size>
         <input_file_ref idref="fl-bf"/>
      </object_component>
      <object_component id="oc-48">
         <name>.debug_info</name>
         <load_address>0x191f</load_address>
         <run_address>0x191f</run_address>
         <size>0x1d2</size>
         <input_file_ref idref="fl-bf"/>
      </object_component>
      <object_component id="oc-89">
         <name>.debug_info</name>
         <load_address>0x1af1</load_address>
         <run_address>0x1af1</run_address>
         <size>0x46</size>
         <input_file_ref idref="fl-bf"/>
      </object_component>
      <object_component id="oc-bf">
         <name>.debug_info</name>
         <load_address>0x1b37</load_address>
         <run_address>0x1b37</run_address>
         <size>0x2c</size>
         <input_file_ref idref="fl-bf"/>
      </object_component>
      <object_component id="oc-46">
         <name>.debug_info</name>
         <load_address>0x1b63</load_address>
         <run_address>0x1b63</run_address>
         <size>0x2a8</size>
         <input_file_ref idref="fl-c0"/>
      </object_component>
      <object_component id="oc-1e">
         <name>.debug_info</name>
         <load_address>0x1e0b</load_address>
         <run_address>0x1e0b</run_address>
         <size>0x1ea</size>
         <input_file_ref idref="fl-c0"/>
      </object_component>
      <object_component id="oc-41">
         <name>.debug_info</name>
         <load_address>0x1ff5</load_address>
         <run_address>0x1ff5</run_address>
         <size>0x46</size>
         <input_file_ref idref="fl-c0"/>
      </object_component>
      <object_component id="oc-81">
         <name>.debug_info</name>
         <load_address>0x203b</load_address>
         <run_address>0x203b</run_address>
         <size>0x2c</size>
         <input_file_ref idref="fl-c0"/>
      </object_component>
      <object_component id="oc-7f">
         <name>.debug_info</name>
         <load_address>0x2067</load_address>
         <run_address>0x2067</run_address>
         <size>0x29e</size>
         <input_file_ref idref="fl-c1"/>
      </object_component>
      <object_component id="oc-17">
         <name>.debug_info</name>
         <load_address>0x2305</load_address>
         <run_address>0x2305</run_address>
         <size>0x250</size>
         <input_file_ref idref="fl-c1"/>
      </object_component>
      <object_component id="oc-31">
         <name>.debug_info</name>
         <load_address>0x2555</load_address>
         <run_address>0x2555</run_address>
         <size>0x60</size>
         <input_file_ref idref="fl-c1"/>
      </object_component>
      <object_component id="oc-b8">
         <name>.debug_info</name>
         <load_address>0x25b5</load_address>
         <run_address>0x25b5</run_address>
         <size>0x46</size>
         <input_file_ref idref="fl-c1"/>
      </object_component>
      <object_component id="oc-7a">
         <name>.debug_info</name>
         <load_address>0x25fb</load_address>
         <run_address>0x25fb</run_address>
         <size>0x39</size>
         <input_file_ref idref="fl-c1"/>
      </object_component>
      <object_component id="oc-25">
         <name>.debug_info</name>
         <load_address>0x2634</load_address>
         <run_address>0x2634</run_address>
         <size>0x10b</size>
         <input_file_ref idref="fl-c2"/>
      </object_component>
      <object_component id="oc-5c">
         <name>.debug_info</name>
         <load_address>0x273f</load_address>
         <run_address>0x273f</run_address>
         <size>0x1a9</size>
         <input_file_ref idref="fl-c2"/>
      </object_component>
      <object_component id="oc-3c">
         <name>.debug_info</name>
         <load_address>0x28e8</load_address>
         <run_address>0x28e8</run_address>
         <size>0x119</size>
         <input_file_ref idref="fl-c3"/>
      </object_component>
      <object_component id="oc-90">
         <name>.debug_info</name>
         <load_address>0x2a01</load_address>
         <run_address>0x2a01</run_address>
         <size>0x147</size>
         <input_file_ref idref="fl-c4"/>
      </object_component>
      <object_component id="oc-1c4">
         <name>.debug_info</name>
         <load_address>0x2b48</load_address>
         <run_address>0x2b48</run_address>
         <size>0x4b3</size>
         <input_file_ref idref="fl-c5"/>
      </object_component>
      <object_component id="oc-fb">
         <name>.debug_info</name>
         <load_address>0x2ffb</load_address>
         <run_address>0x2ffb</run_address>
         <size>0x1a6</size>
         <input_file_ref idref="fl-c5"/>
      </object_component>
      <object_component id="oc-25a">
         <name>.debug_info</name>
         <load_address>0x31a1</load_address>
         <run_address>0x31a1</run_address>
         <size>0x39</size>
         <input_file_ref idref="fl-c5"/>
      </object_component>
      <object_component id="oc-2e7">
         <name>.debug_info</name>
         <load_address>0x31da</load_address>
         <run_address>0x31da</run_address>
         <size>0x39</size>
         <input_file_ref idref="fl-c5"/>
      </object_component>
      <object_component id="oc-25f">
         <name>.debug_info</name>
         <load_address>0x3213</load_address>
         <run_address>0x3213</run_address>
         <size>0x39</size>
         <input_file_ref idref="fl-c5"/>
      </object_component>
      <object_component id="oc-264">
         <name>.debug_info</name>
         <load_address>0x324c</load_address>
         <run_address>0x324c</run_address>
         <size>0xcd</size>
         <input_file_ref idref="fl-c5"/>
      </object_component>
      <object_component id="oc-97">
         <name>.debug_info</name>
         <load_address>0x3319</load_address>
         <run_address>0x3319</run_address>
         <size>0x153</size>
         <input_file_ref idref="fl-c6"/>
      </object_component>
      <object_component id="oc-ef">
         <name>.debug_info</name>
         <load_address>0x346c</load_address>
         <run_address>0x346c</run_address>
         <size>0x122</size>
         <input_file_ref idref="fl-c8"/>
      </object_component>
      <object_component id="oc-173">
         <name>.debug_info</name>
         <load_address>0x358e</load_address>
         <run_address>0x358e</run_address>
         <size>0x426</size>
         <input_file_ref idref="fl-cb"/>
      </object_component>
      <object_component id="oc-170">
         <name>.debug_info</name>
         <load_address>0x39b4</load_address>
         <run_address>0x39b4</run_address>
         <size>0xc8</size>
         <input_file_ref idref="fl-cb"/>
      </object_component>
      <object_component id="oc-140">
         <name>.debug_info</name>
         <load_address>0x3a7c</load_address>
         <run_address>0x3a7c</run_address>
         <size>0xf4</size>
         <input_file_ref idref="fl-cb"/>
      </object_component>
      <object_component id="oc-143">
         <name>.debug_info</name>
         <load_address>0x3b70</load_address>
         <run_address>0x3b70</run_address>
         <size>0xce</size>
         <input_file_ref idref="fl-cb"/>
      </object_component>
      <object_component id="oc-d1">
         <name>.debug_info</name>
         <load_address>0x3c3e</load_address>
         <run_address>0x3c3e</run_address>
         <size>0x9db</size>
         <input_file_ref idref="fl-cb"/>
      </object_component>
      <object_component id="oc-207">
         <name>.debug_info</name>
         <load_address>0x4619</load_address>
         <run_address>0x4619</run_address>
         <size>0x51</size>
         <input_file_ref idref="fl-cb"/>
      </object_component>
      <object_component id="oc-ca">
         <name>.debug_info</name>
         <load_address>0x466a</load_address>
         <run_address>0x466a</run_address>
         <size>0x237</size>
         <input_file_ref idref="fl-cc"/>
      </object_component>
      <object_component id="oc-187">
         <name>.debug_info</name>
         <load_address>0x48a1</load_address>
         <run_address>0x48a1</run_address>
         <size>0xcd</size>
         <input_file_ref idref="fl-cd"/>
      </object_component>
      <object_component id="oc-d7">
         <name>.debug_info</name>
         <load_address>0x496e</load_address>
         <run_address>0x496e</run_address>
         <size>0x22e</size>
         <input_file_ref idref="fl-cd"/>
      </object_component>
      <object_component id="oc-1af">
         <name>.debug_info</name>
         <load_address>0x4b9c</load_address>
         <run_address>0x4b9c</run_address>
         <size>0x423</size>
         <input_file_ref idref="fl-ce"/>
      </object_component>
      <object_component id="oc-db">
         <name>.debug_info</name>
         <load_address>0x4fbf</load_address>
         <run_address>0x4fbf</run_address>
         <size>0x3cb</size>
         <input_file_ref idref="fl-ce"/>
      </object_component>
      <object_component id="oc-238">
         <name>.debug_info</name>
         <load_address>0x538a</load_address>
         <run_address>0x538a</run_address>
         <size>0x340</size>
         <input_file_ref idref="fl-cf"/>
      </object_component>
      <object_component id="oc-1ab">
         <name>.debug_info</name>
         <load_address>0x56ca</load_address>
         <run_address>0x56ca</run_address>
         <size>0x208</size>
         <input_file_ref idref="fl-cf"/>
      </object_component>
      <object_component id="oc-22e">
         <name>.debug_info</name>
         <load_address>0x58d2</load_address>
         <run_address>0x58d2</run_address>
         <size>0x1c6</size>
         <input_file_ref idref="fl-cf"/>
      </object_component>
      <object_component id="oc-233">
         <name>.debug_info</name>
         <load_address>0x5a98</load_address>
         <run_address>0x5a98</run_address>
         <size>0x179</size>
         <input_file_ref idref="fl-cf"/>
      </object_component>
      <object_component id="oc-239">
         <name>.debug_info</name>
         <load_address>0x5c11</load_address>
         <run_address>0x5c11</run_address>
         <size>0x2c</size>
         <input_file_ref idref="fl-cf"/>
      </object_component>
      <object_component id="oc-23e">
         <name>.debug_info</name>
         <load_address>0x5c3d</load_address>
         <run_address>0x5c3d</run_address>
         <size>0x69</size>
         <input_file_ref idref="fl-cf"/>
      </object_component>
      <object_component id="oc-148">
         <name>.debug_info</name>
         <load_address>0x5ca6</load_address>
         <run_address>0x5ca6</run_address>
         <size>0x134</size>
         <input_file_ref idref="fl-d0"/>
      </object_component>
      <object_component id="oc-2d5">
         <name>.debug_info</name>
         <load_address>0x5dda</load_address>
         <run_address>0x5dda</run_address>
         <size>0x590</size>
         <input_file_ref idref="fl-d1"/>
      </object_component>
      <object_component id="oc-2a2">
         <name>.debug_info</name>
         <load_address>0x636a</load_address>
         <run_address>0x636a</run_address>
         <size>0x21e</size>
         <input_file_ref idref="fl-d1"/>
      </object_component>
      <object_component id="oc-327">
         <name>.debug_info</name>
         <load_address>0x6588</load_address>
         <run_address>0x6588</run_address>
         <size>0x1b3</size>
         <input_file_ref idref="fl-d1"/>
      </object_component>
      <object_component id="oc-32d">
         <name>.debug_info</name>
         <load_address>0x673b</load_address>
         <run_address>0x673b</run_address>
         <size>0x21b</size>
         <input_file_ref idref="fl-d1"/>
      </object_component>
      <object_component id="oc-2ad">
         <name>.debug_info</name>
         <load_address>0x6956</load_address>
         <run_address>0x6956</run_address>
         <size>0x3c0</size>
         <input_file_ref idref="fl-d1"/>
      </object_component>
      <object_component id="oc-334">
         <name>.debug_info</name>
         <load_address>0x6d16</load_address>
         <run_address>0x6d16</run_address>
         <size>0x30a</size>
         <input_file_ref idref="fl-d1"/>
      </object_component>
      <object_component id="oc-33a">
         <name>.debug_info</name>
         <load_address>0x7020</load_address>
         <run_address>0x7020</run_address>
         <size>0x215</size>
         <input_file_ref idref="fl-d1"/>
      </object_component>
      <object_component id="oc-2b3">
         <name>.debug_info</name>
         <load_address>0x7235</load_address>
         <run_address>0x7235</run_address>
         <size>0x215</size>
         <input_file_ref idref="fl-d1"/>
      </object_component>
      <object_component id="oc-2b9">
         <name>.debug_info</name>
         <load_address>0x744a</load_address>
         <run_address>0x744a</run_address>
         <size>0x304</size>
         <input_file_ref idref="fl-d1"/>
      </object_component>
      <object_component id="oc-2bf">
         <name>.debug_info</name>
         <load_address>0x774e</load_address>
         <run_address>0x774e</run_address>
         <size>0x4b5</size>
         <input_file_ref idref="fl-d1"/>
      </object_component>
      <object_component id="oc-228">
         <name>.debug_info</name>
         <load_address>0x7c03</load_address>
         <run_address>0x7c03</run_address>
         <size>0x5f4</size>
         <input_file_ref idref="fl-d1"/>
      </object_component>
      <object_component id="oc-2d6">
         <name>.debug_info</name>
         <load_address>0x81f7</load_address>
         <run_address>0x81f7</run_address>
         <size>0x86</size>
         <input_file_ref idref="fl-d1"/>
      </object_component>
      <object_component id="oc-362">
         <name>.debug_info</name>
         <load_address>0x827d</load_address>
         <run_address>0x827d</run_address>
         <size>0x39</size>
         <input_file_ref idref="fl-d1"/>
      </object_component>
      <object_component id="oc-39d">
         <name>.debug_info</name>
         <load_address>0x82b6</load_address>
         <run_address>0x82b6</run_address>
         <size>0xb6</size>
         <input_file_ref idref="fl-d1"/>
      </object_component>
      <object_component id="oc-367">
         <name>.debug_info</name>
         <load_address>0x836c</load_address>
         <run_address>0x836c</run_address>
         <size>0x46</size>
         <input_file_ref idref="fl-d1"/>
      </object_component>
      <object_component id="oc-2db">
         <name>.debug_info</name>
         <load_address>0x83b2</load_address>
         <run_address>0x83b2</run_address>
         <size>0x46</size>
         <input_file_ref idref="fl-d1"/>
      </object_component>
      <object_component id="oc-1ee">
         <name>.debug_info</name>
         <load_address>0x83f8</load_address>
         <run_address>0x83f8</run_address>
         <size>0x115</size>
         <input_file_ref idref="fl-d2"/>
      </object_component>
      <object_component id="oc-320">
         <name>.debug_info</name>
         <load_address>0x850d</load_address>
         <run_address>0x850d</run_address>
         <size>0x14c</size>
         <input_file_ref idref="fl-d3"/>
      </object_component>
      <object_component id="oc-2a6">
         <name>.debug_info</name>
         <load_address>0x8659</load_address>
         <run_address>0x8659</run_address>
         <size>0x128</size>
         <input_file_ref idref="fl-d4"/>
      </object_component>
      <object_component id="oc-30b">
         <name>.debug_info</name>
         <load_address>0x8781</load_address>
         <run_address>0x8781</run_address>
         <size>0x12a</size>
         <input_file_ref idref="fl-d4"/>
      </object_component>
      <object_component id="oc-308">
         <name>.debug_info</name>
         <load_address>0x88ab</load_address>
         <run_address>0x88ab</run_address>
         <size>0x13a</size>
         <input_file_ref idref="fl-d5"/>
      </object_component>
      <object_component id="oc-301">
         <name>.debug_info</name>
         <load_address>0x89e5</load_address>
         <run_address>0x89e5</run_address>
         <size>0x13a</size>
         <input_file_ref idref="fl-d6"/>
      </object_component>
      <object_component id="oc-310">
         <name>.debug_info</name>
         <load_address>0x8b1f</load_address>
         <run_address>0x8b1f</run_address>
         <size>0x12e</size>
         <input_file_ref idref="fl-d7"/>
      </object_component>
      <object_component id="oc-31b">
         <name>.debug_info</name>
         <load_address>0x8c4d</load_address>
         <run_address>0x8c4d</run_address>
         <size>0x12c</size>
         <input_file_ref idref="fl-d8"/>
      </object_component>
      <object_component id="oc-378">
         <name>.debug_info</name>
         <load_address>0x8d79</load_address>
         <run_address>0x8d79</run_address>
         <size>0x29c</size>
         <input_file_ref idref="fl-d9"/>
      </object_component>
      <object_component id="oc-316">
         <name>.debug_info</name>
         <load_address>0x9015</load_address>
         <run_address>0x9015</run_address>
         <size>0x1da</size>
         <input_file_ref idref="fl-d9"/>
      </object_component>
      <object_component id="oc-2fd">
         <name>.debug_info</name>
         <load_address>0x91ef</load_address>
         <run_address>0x91ef</run_address>
         <size>0x2b9</size>
         <input_file_ref idref="fl-da"/>
      </object_component>
      <object_component id="oc-29b">
         <name>.debug_info</name>
         <load_address>0x94a8</load_address>
         <run_address>0x94a8</run_address>
         <size>0x17c</size>
         <input_file_ref idref="fl-da"/>
      </object_component>
      <object_component id="oc-370">
         <name>.debug_info</name>
         <load_address>0x9624</load_address>
         <run_address>0x9624</run_address>
         <size>0xf9</size>
         <input_file_ref idref="fl-db"/>
      </object_component>
      <object_component id="oc-2fa">
         <name>.debug_info</name>
         <load_address>0x971d</load_address>
         <run_address>0x971d</run_address>
         <size>0x105</size>
         <input_file_ref idref="fl-db"/>
      </object_component>
      <object_component id="oc-353">
         <name>.debug_info</name>
         <load_address>0x9822</load_address>
         <run_address>0x9822</run_address>
         <size>0x2a7</size>
         <input_file_ref idref="fl-dc"/>
      </object_component>
      <object_component id="oc-2c6">
         <name>.debug_info</name>
         <load_address>0x9ac9</load_address>
         <run_address>0x9ac9</run_address>
         <size>0x1b8</size>
         <input_file_ref idref="fl-dc"/>
      </object_component>
      <object_component id="oc-38f">
         <name>.debug_info</name>
         <load_address>0x9c81</load_address>
         <run_address>0x9c81</run_address>
         <size>0x29a</size>
         <input_file_ref idref="fl-dd"/>
      </object_component>
      <object_component id="oc-34d">
         <name>.debug_info</name>
         <load_address>0x9f1b</load_address>
         <run_address>0x9f1b</run_address>
         <size>0x262</size>
         <input_file_ref idref="fl-dd"/>
      </object_component>
      <object_component id="oc-2f8">
         <name>.debug_info</name>
         <load_address>0xa17d</load_address>
         <run_address>0xa17d</run_address>
         <size>0x28f</size>
         <input_file_ref idref="fl-de"/>
      </object_component>
      <object_component id="oc-294">
         <name>.debug_info</name>
         <load_address>0xa40c</load_address>
         <run_address>0xa40c</run_address>
         <size>0x245</size>
         <input_file_ref idref="fl-de"/>
      </object_component>
      <object_component id="oc-35f">
         <name>.debug_info</name>
         <load_address>0xa651</load_address>
         <run_address>0xa651</run_address>
         <size>0x289</size>
         <input_file_ref idref="fl-df"/>
      </object_component>
      <object_component id="oc-35c">
         <name>.debug_info</name>
         <load_address>0xa8da</load_address>
         <run_address>0xa8da</run_address>
         <size>0x10e</size>
         <input_file_ref idref="fl-df"/>
      </object_component>
      <object_component id="oc-2cf">
         <name>.debug_info</name>
         <load_address>0xa9e8</load_address>
         <run_address>0xa9e8</run_address>
         <size>0x14e</size>
         <input_file_ref idref="fl-df"/>
      </object_component>
      <object_component id="oc-380">
         <name>.debug_info</name>
         <load_address>0xab36</load_address>
         <run_address>0xab36</run_address>
         <size>0x295</size>
         <input_file_ref idref="fl-e0"/>
      </object_component>
      <object_component id="oc-343">
         <name>.debug_info</name>
         <load_address>0xadcb</load_address>
         <run_address>0xadcb</run_address>
         <size>0x195</size>
         <input_file_ref idref="fl-e0"/>
      </object_component>
      <object_component id="oc-3a8">
         <name>.debug_info</name>
         <load_address>0xaf60</load_address>
         <run_address>0xaf60</run_address>
         <size>0x39</size>
         <input_file_ref idref="fl-e0"/>
      </object_component>
      <object_component id="oc-381">
         <name>.debug_info</name>
         <load_address>0xaf99</load_address>
         <run_address>0xaf99</run_address>
         <size>0x2c</size>
         <input_file_ref idref="fl-e0"/>
      </object_component>
      <object_component id="oc-38d">
         <name>.debug_info</name>
         <load_address>0xafc5</load_address>
         <run_address>0xafc5</run_address>
         <size>0x2f8</size>
         <input_file_ref idref="fl-e1"/>
      </object_component>
      <object_component id="oc-346">
         <name>.debug_info</name>
         <load_address>0xb2bd</load_address>
         <run_address>0xb2bd</run_address>
         <size>0x225</size>
         <input_file_ref idref="fl-e1"/>
      </object_component>
      <object_component id="oc-388">
         <name>.debug_info</name>
         <load_address>0xb4e2</load_address>
         <run_address>0xb4e2</run_address>
         <size>0x161</size>
         <input_file_ref idref="fl-e2"/>
      </object_component>
      <object_component id="oc-35a">
         <name>.debug_info</name>
         <load_address>0xb643</load_address>
         <run_address>0xb643</run_address>
         <size>0x28f</size>
         <input_file_ref idref="fl-e3"/>
      </object_component>
      <object_component id="oc-2cb">
         <name>.debug_info</name>
         <load_address>0xb8d2</load_address>
         <run_address>0xb8d2</run_address>
         <size>0x15a</size>
         <input_file_ref idref="fl-e3"/>
      </object_component>
      <object_component id="oc-392">
         <name>.debug_info</name>
         <load_address>0xba2c</load_address>
         <run_address>0xba2c</run_address>
         <size>0x46</size>
         <input_file_ref idref="fl-e3"/>
      </object_component>
      <object_component id="oc-355">
         <name>.debug_info</name>
         <load_address>0xba72</load_address>
         <run_address>0xba72</run_address>
         <size>0x39</size>
         <input_file_ref idref="fl-e3"/>
      </object_component>
      <object_component id="oc-1e7">
         <name>.debug_info</name>
         <load_address>0xbaab</load_address>
         <run_address>0xbaab</run_address>
         <size>0x3e4</size>
         <input_file_ref idref="fl-e4"/>
      </object_component>
      <object_component id="oc-211">
         <name>.debug_info</name>
         <load_address>0xbe8f</load_address>
         <run_address>0xbe8f</run_address>
         <size>0x164</size>
         <input_file_ref idref="fl-e4"/>
      </object_component>
      <object_component id="oc-13a">
         <name>.debug_info</name>
         <load_address>0xbff3</load_address>
         <run_address>0xbff3</run_address>
         <size>0x2ac</size>
         <input_file_ref idref="fl-e4"/>
      </object_component>
      <object_component id="oc-1e2">
         <name>.debug_info</name>
         <load_address>0xc29f</load_address>
         <run_address>0xc29f</run_address>
         <size>0x2bc</size>
         <input_file_ref idref="fl-e4"/>
      </object_component>
      <object_component id="oc-17d">
         <name>.debug_info</name>
         <load_address>0xc55b</load_address>
         <run_address>0xc55b</run_address>
         <size>0x31f</size>
         <input_file_ref idref="fl-e4"/>
      </object_component>
      <object_component id="oc-193">
         <name>.debug_info</name>
         <load_address>0xc87a</load_address>
         <run_address>0xc87a</run_address>
         <size>0x29b</size>
         <input_file_ref idref="fl-e4"/>
      </object_component>
      <object_component id="oc-135">
         <name>.debug_info</name>
         <load_address>0xcb15</load_address>
         <run_address>0xcb15</run_address>
         <size>0x2c0</size>
         <input_file_ref idref="fl-e4"/>
      </object_component>
      <object_component id="oc-177">
         <name>.debug_info</name>
         <load_address>0xcdd5</load_address>
         <run_address>0xcdd5</run_address>
         <size>0x2a5</size>
         <input_file_ref idref="fl-e4"/>
      </object_component>
      <object_component id="oc-183">
         <name>.debug_info</name>
         <load_address>0xd07a</load_address>
         <run_address>0xd07a</run_address>
         <size>0x284</size>
         <input_file_ref idref="fl-e4"/>
      </object_component>
      <object_component id="oc-18d">
         <name>.debug_info</name>
         <load_address>0xd2fe</load_address>
         <run_address>0xd2fe</run_address>
         <size>0x289</size>
         <input_file_ref idref="fl-e4"/>
      </object_component>
      <object_component id="oc-27b">
         <name>.debug_info</name>
         <load_address>0xd587</load_address>
         <run_address>0xd587</run_address>
         <size>0x26b</size>
         <input_file_ref idref="fl-e4"/>
      </object_component>
      <object_component id="oc-26b">
         <name>.debug_info</name>
         <load_address>0xd7f2</load_address>
         <run_address>0xd7f2</run_address>
         <size>0x297</size>
         <input_file_ref idref="fl-e4"/>
      </object_component>
      <object_component id="oc-276">
         <name>.debug_info</name>
         <load_address>0xda89</load_address>
         <run_address>0xda89</run_address>
         <size>0xef</size>
         <input_file_ref idref="fl-e4"/>
      </object_component>
      <object_component id="oc-1da">
         <name>.debug_info</name>
         <load_address>0xdb78</load_address>
         <run_address>0xdb78</run_address>
         <size>0xbb</size>
         <input_file_ref idref="fl-e4"/>
      </object_component>
      <object_component id="oc-28c">
         <name>.debug_info</name>
         <load_address>0xdc33</load_address>
         <run_address>0xdc33</run_address>
         <size>0x3b7</size>
         <input_file_ref idref="fl-e5"/>
      </object_component>
      <object_component id="oc-289">
         <name>.debug_info</name>
         <load_address>0xdfea</load_address>
         <run_address>0xdfea</run_address>
         <size>0x160</size>
         <input_file_ref idref="fl-e5"/>
      </object_component>
      <object_component id="oc-1fb">
         <name>.debug_info</name>
         <load_address>0xe14a</load_address>
         <run_address>0xe14a</run_address>
         <size>0x2ca</size>
         <input_file_ref idref="fl-e5"/>
      </object_component>
      <object_component id="oc-1df">
         <name>.debug_info</name>
         <load_address>0xe414</load_address>
         <run_address>0xe414</run_address>
         <size>0x441</size>
         <input_file_ref idref="fl-e6"/>
      </object_component>
      <object_component id="oc-1f5">
         <name>.debug_info</name>
         <load_address>0xe855</load_address>
         <run_address>0xe855</run_address>
         <size>0x156</size>
         <input_file_ref idref="fl-e6"/>
      </object_component>
      <object_component id="oc-12e">
         <name>.debug_info</name>
         <load_address>0xe9ab</load_address>
         <run_address>0xe9ab</run_address>
         <size>0x286</size>
         <input_file_ref idref="fl-e6"/>
      </object_component>
      <object_component id="oc-14e">
         <name>.debug_info</name>
         <load_address>0xec31</load_address>
         <run_address>0xec31</run_address>
         <size>0x2e4</size>
         <input_file_ref idref="fl-e6"/>
      </object_component>
      <object_component id="oc-154">
         <name>.debug_info</name>
         <load_address>0xef15</load_address>
         <run_address>0xef15</run_address>
         <size>0x2be</size>
         <input_file_ref idref="fl-e6"/>
      </object_component>
      <object_component id="oc-272">
         <name>.debug_info</name>
         <load_address>0xf1d3</load_address>
         <run_address>0xf1d3</run_address>
         <size>0x51</size>
         <input_file_ref idref="fl-e6"/>
      </object_component>
      <object_component id="oc-1f9">
         <name>.debug_info</name>
         <load_address>0xf224</load_address>
         <run_address>0xf224</run_address>
         <size>0x346</size>
         <input_file_ref idref="fl-e7"/>
      </object_component>
      <object_component id="oc-159">
         <name>.debug_info</name>
         <load_address>0xf56a</load_address>
         <run_address>0xf56a</run_address>
         <size>0x26a</size>
         <input_file_ref idref="fl-e7"/>
      </object_component>
      <object_component id="oc-15f">
         <name>.debug_info</name>
         <load_address>0xf7d4</load_address>
         <run_address>0xf7d4</run_address>
         <size>0x280</size>
         <input_file_ref idref="fl-e7"/>
      </object_component>
      <object_component id="oc-165">
         <name>.debug_info</name>
         <load_address>0xfa54</load_address>
         <run_address>0xfa54</run_address>
         <size>0x230</size>
         <input_file_ref idref="fl-e7"/>
      </object_component>
      <object_component id="oc-16b">
         <name>.debug_info</name>
         <load_address>0xfc84</load_address>
         <run_address>0xfc84</run_address>
         <size>0x22a</size>
         <input_file_ref idref="fl-e7"/>
      </object_component>
      <object_component id="oc-222">
         <name>.debug_info</name>
         <load_address>0xfeae</load_address>
         <run_address>0xfeae</run_address>
         <size>0x3cb</size>
         <input_file_ref idref="fl-e8"/>
      </object_component>
      <object_component id="oc-21c">
         <name>.debug_info</name>
         <load_address>0x10279</load_address>
         <run_address>0x10279</run_address>
         <size>0x250</size>
         <input_file_ref idref="fl-e8"/>
      </object_component>
      <object_component id="oc-216">
         <name>.debug_info</name>
         <load_address>0x104c9</load_address>
         <run_address>0x104c9</run_address>
         <size>0x252</size>
         <input_file_ref idref="fl-e8"/>
      </object_component>
      <object_component id="oc-197">
         <name>.debug_info</name>
         <load_address>0x1071b</load_address>
         <run_address>0x1071b</run_address>
         <size>0x32f</size>
         <input_file_ref idref="fl-e8"/>
      </object_component>
      <object_component id="oc-19d">
         <name>.debug_info</name>
         <load_address>0x10a4a</load_address>
         <run_address>0x10a4a</run_address>
         <size>0x27c</size>
         <input_file_ref idref="fl-e8"/>
      </object_component>
      <object_component id="oc-1a4">
         <name>.debug_info</name>
         <load_address>0x10cc6</load_address>
         <run_address>0x10cc6</run_address>
         <size>0x256</size>
         <input_file_ref idref="fl-e8"/>
      </object_component>
      <object_component id="oc-3e2">
         <name>.debug_info</name>
         <load_address>0x10f1c</load_address>
         <run_address>0x10f1c</run_address>
         <size>0x97</size>
      </object_component>
      <object_component id="oc-12b">
         <name>.debug_line</name>
         <load_address>0x0</load_address>
         <run_address>0x0</run_address>
         <size>0x4c</size>
         <input_file_ref idref="fl-2"/>
      </object_component>
      <object_component id="oc-1b6">
         <name>.debug_line</name>
         <load_address>0x4c</load_address>
         <run_address>0x4c</run_address>
         <size>0x2d</size>
         <input_file_ref idref="fl-2"/>
      </object_component>
      <object_component id="oc-1b8">
         <name>.debug_line</name>
         <load_address>0x79</load_address>
         <run_address>0x79</run_address>
         <size>0x2d</size>
         <input_file_ref idref="fl-2"/>
      </object_component>
      <object_component id="oc-9d">
         <name>.debug_line</name>
         <load_address>0xa6</load_address>
         <run_address>0xa6</run_address>
         <size>0xaf</size>
         <input_file_ref idref="fl-2"/>
      </object_component>
      <object_component id="oc-ea">
         <name>.debug_line</name>
         <load_address>0x155</load_address>
         <run_address>0x155</run_address>
         <size>0x2d</size>
         <input_file_ref idref="fl-2"/>
      </object_component>
      <object_component id="oc-73">
         <name>.debug_line</name>
         <load_address>0x182</load_address>
         <run_address>0x182</run_address>
         <size>0x6f</size>
         <input_file_ref idref="fl-2"/>
      </object_component>
      <object_component id="oc-b5">
         <name>.debug_line</name>
         <load_address>0x1f1</load_address>
         <run_address>0x1f1</run_address>
         <size>0x20</size>
         <input_file_ref idref="fl-2"/>
      </object_component>
      <object_component id="oc-b0">
         <name>.debug_line</name>
         <load_address>0x211</load_address>
         <run_address>0x211</run_address>
         <size>0x73</size>
         <input_file_ref idref="fl-2"/>
      </object_component>
      <object_component id="oc-78">
         <name>.debug_line</name>
         <load_address>0x284</load_address>
         <run_address>0x284</run_address>
         <size>0x70</size>
         <input_file_ref idref="fl-2"/>
      </object_component>
      <object_component id="oc-248">
         <name>.debug_line</name>
         <load_address>0x2f4</load_address>
         <run_address>0x2f4</run_address>
         <size>0x6a</size>
         <input_file_ref idref="fl-2"/>
      </object_component>
      <object_component id="oc-1b3">
         <name>.debug_line</name>
         <load_address>0x35e</load_address>
         <run_address>0x35e</run_address>
         <size>0x6b</size>
         <input_file_ref idref="fl-2"/>
      </object_component>
      <object_component id="oc-6f">
         <name>.debug_line</name>
         <load_address>0x3c9</load_address>
         <run_address>0x3c9</run_address>
         <size>0x41</size>
         <input_file_ref idref="fl-3"/>
      </object_component>
      <object_component id="oc-2e">
         <name>.debug_line</name>
         <load_address>0x40a</load_address>
         <run_address>0x40a</run_address>
         <size>0x41</size>
         <input_file_ref idref="fl-3"/>
      </object_component>
      <object_component id="oc-2b">
         <name>.debug_line</name>
         <load_address>0x44b</load_address>
         <run_address>0x44b</run_address>
         <size>0xa1</size>
         <input_file_ref idref="fl-3"/>
      </object_component>
      <object_component id="oc-39">
         <name>.debug_line</name>
         <load_address>0x4ec</load_address>
         <run_address>0x4ec</run_address>
         <size>0x20</size>
         <input_file_ref idref="fl-3"/>
      </object_component>
      <object_component id="oc-c5">
         <name>.debug_line</name>
         <load_address>0x50c</load_address>
         <run_address>0x50c</run_address>
         <size>0x92</size>
         <input_file_ref idref="fl-bf"/>
      </object_component>
      <object_component id="oc-4c">
         <name>.debug_line</name>
         <load_address>0x59e</load_address>
         <run_address>0x59e</run_address>
         <size>0x56</size>
         <input_file_ref idref="fl-bf"/>
      </object_component>
      <object_component id="oc-8c">
         <name>.debug_line</name>
         <load_address>0x5f4</load_address>
         <run_address>0x5f4</run_address>
         <size>0x34</size>
         <input_file_ref idref="fl-bf"/>
      </object_component>
      <object_component id="oc-c2">
         <name>.debug_line</name>
         <load_address>0x628</load_address>
         <run_address>0x628</run_address>
         <size>0x92</size>
         <input_file_ref idref="fl-bf"/>
      </object_component>
      <object_component id="oc-87">
         <name>.debug_line</name>
         <load_address>0x6ba</load_address>
         <run_address>0x6ba</run_address>
         <size>0x20</size>
         <input_file_ref idref="fl-c0"/>
      </object_component>
      <object_component id="oc-1c">
         <name>.debug_line</name>
         <load_address>0x6da</load_address>
         <run_address>0x6da</run_address>
         <size>0x55</size>
         <input_file_ref idref="fl-c0"/>
      </object_component>
      <object_component id="oc-44">
         <name>.debug_line</name>
         <load_address>0x72f</load_address>
         <run_address>0x72f</run_address>
         <size>0x3a</size>
         <input_file_ref idref="fl-c0"/>
      </object_component>
      <object_component id="oc-84">
         <name>.debug_line</name>
         <load_address>0x769</load_address>
         <run_address>0x769</run_address>
         <size>0x92</size>
         <input_file_ref idref="fl-c0"/>
      </object_component>
      <object_component id="oc-be">
         <name>.debug_line</name>
         <load_address>0x7fb</load_address>
         <run_address>0x7fb</run_address>
         <size>0x20</size>
         <input_file_ref idref="fl-c1"/>
      </object_component>
      <object_component id="oc-16">
         <name>.debug_line</name>
         <load_address>0x81b</load_address>
         <run_address>0x81b</run_address>
         <size>0xa9</size>
         <input_file_ref idref="fl-c1"/>
      </object_component>
      <object_component id="oc-34">
         <name>.debug_line</name>
         <load_address>0x8c4</load_address>
         <run_address>0x8c4</run_address>
         <size>0x3a</size>
         <input_file_ref idref="fl-c1"/>
      </object_component>
      <object_component id="oc-bb">
         <name>.debug_line</name>
         <load_address>0x8fe</load_address>
         <run_address>0x8fe</run_address>
         <size>0x9a</size>
         <input_file_ref idref="fl-c1"/>
      </object_component>
      <object_component id="oc-7d">
         <name>.debug_line</name>
         <load_address>0x998</load_address>
         <run_address>0x998</run_address>
         <size>0x96</size>
         <input_file_ref idref="fl-c1"/>
      </object_component>
      <object_component id="oc-6c">
         <name>.debug_line</name>
         <load_address>0xa2e</load_address>
         <run_address>0xa2e</run_address>
         <size>0x33</size>
         <input_file_ref idref="fl-c2"/>
      </object_component>
      <object_component id="oc-5b">
         <name>.debug_line</name>
         <load_address>0xa61</load_address>
         <run_address>0xa61</run_address>
         <size>0x45</size>
         <input_file_ref idref="fl-c2"/>
      </object_component>
      <object_component id="oc-3f">
         <name>.debug_line</name>
         <load_address>0xaa6</load_address>
         <run_address>0xaa6</run_address>
         <size>0x88</size>
         <input_file_ref idref="fl-c3"/>
      </object_component>
      <object_component id="oc-93">
         <name>.debug_line</name>
         <load_address>0xb2e</load_address>
         <run_address>0xb2e</run_address>
         <size>0x79</size>
         <input_file_ref idref="fl-c4"/>
      </object_component>
      <object_component id="oc-259">
         <name>.debug_line</name>
         <load_address>0xba7</load_address>
         <run_address>0xba7</run_address>
         <size>0xbf</size>
         <input_file_ref idref="fl-c5"/>
      </object_component>
      <object_component id="oc-f9">
         <name>.debug_line</name>
         <load_address>0xc66</load_address>
         <run_address>0xc66</run_address>
         <size>0x6f</size>
         <input_file_ref idref="fl-c5"/>
      </object_component>
      <object_component id="oc-25d">
         <name>.debug_line</name>
         <load_address>0xcd5</load_address>
         <run_address>0xcd5</run_address>
         <size>0x2e</size>
         <input_file_ref idref="fl-c5"/>
      </object_component>
      <object_component id="oc-2ea">
         <name>.debug_line</name>
         <load_address>0xd03</load_address>
         <run_address>0xd03</run_address>
         <size>0x9a</size>
         <input_file_ref idref="fl-c5"/>
      </object_component>
      <object_component id="oc-262">
         <name>.debug_line</name>
         <load_address>0xd9d</load_address>
         <run_address>0xd9d</run_address>
         <size>0x97</size>
         <input_file_ref idref="fl-c5"/>
      </object_component>
      <object_component id="oc-267">
         <name>.debug_line</name>
         <load_address>0xe34</load_address>
         <run_address>0xe34</run_address>
         <size>0x93</size>
         <input_file_ref idref="fl-c5"/>
      </object_component>
      <object_component id="oc-9a">
         <name>.debug_line</name>
         <load_address>0xec7</load_address>
         <run_address>0xec7</run_address>
         <size>0x40</size>
         <input_file_ref idref="fl-c6"/>
      </object_component>
      <object_component id="oc-f1">
         <name>.debug_line</name>
         <load_address>0xf07</load_address>
[...]
               <logical_group_ref idref="lg-d"/>
            </allocated_space>
            <allocated_space>
               <start_address>0x20000670</start_address>
               <size>0x104</size>
               <logical_group_ref idref="lg-b"/>
            </allocated_space>
            <allocated_space>
               <start_address>0x20000774</start_address>
               <size>0x20</size>
               <logical_group_ref idref="lg-a"/>
            </allocated_space>
            <available_space>
               <start_address>0x20000794</start_address>
               <size>0x786c</size>
            </available_space>
         </usage_details>
      </memory_area>
   </placement_map>
   <cptbl_list>
      <cptbl>
         <name>__TI_cinit_table</name>
         <cprec>
            <name>.data</name>
            <load_address>0x2f28</load_address>
            <load_size>0x12</load_size>
            <run_address>0x20000774</run_address>
            <run_size>0x20</run_size>
            <compression>lzss</compression>
         </cprec>
         <cprec>
            <name>.bss</name>
            <load_address>0x2f48</load_address>
            <load_size>0x8</load_size>
            <run_address>0x20000670</run_address>
            <run_size>0x104</run_size>
            <compression>zero_init</compression>
         </cprec>
         <cprec>
            <name>.vtable</name>
            <load_address>0x2f50</load_address>
            <load_size>0x8</load_size>
            <run_address>0x20000000</run_address>
            <run_size>0x26c</run_size>
            <compression>zero_init</compression>
         </cprec>
      </cptbl>
   </cptbl_list>
   <handler_table>
      <handler_table_name>__TI_handler_table</handler_table_name>
      <handler>
         <index>0x0</index>
         <name>__TI_zero_init</name>
      </handler>
      <handler>
         <index>0x1</index>
         <name>__TI_decompress_lzss</name>
      </handler>
      <handler>
         <index>0x2</index>
         <name>__TI_decompress_none</name>
      </handler>
   </handler_table>
   <symbol_table>
      <symbol id="sm-1">
         <name>__STACK_TOP</name>
         <value>0x20000470</value>
      </symbol>
      <symbol id="sm-2">
         <name>__start___llvm_prf_cnts</name>
         <value>0x20000000</value>
      </symbol>
      <symbol id="sm-3">
         <name>__stop___llvm_prf_cnts</name>
         <value>0x20000000</value>
      </symbol>
      <symbol id="sm-4">
         <name>__TI_CINIT_Base</name>
         <value>0x2f58</value>
      </symbol>
      <symbol id="sm-5">
         <name>__TI_CINIT_Limit</name>
         <value>0x2f70</value>
      </symbol>
      <symbol id="sm-6">
         <name>__TI_Handler_Table_Base</name>
         <value>0x2f3c</value>
      </symbol>
      <symbol id="sm-7">
         <name>__TI_Handler_Table_Limit</name>
         <value>0x2f48</value>
      </symbol>
      <symbol id="sm-8">
         <name>binit</name>
         <value>0xffffffff</value>
      </symbol>
      <symbol id="sm-9">
         <name>__binit__</name>
         <value>0xffffffff</value>
      </symbol>
      <symbol id="sm-a">
         <name>__STACK_SIZE</name>
         <value>0x400</value>
      </symbol>
      <symbol id="sm-b">
         <name>__STACK_END</name>
         <value>0x20000670</value>
      </symbol>
      <symbol id="sm-c">
         <name>__c_args__</name>
         <value>0xffffffff</value>
      </symbol>
      <symbol id="sm-d">
         <name>__TI_pprof_out_hndl</name>
         <value>0xffffffff</value>
      </symbol>
      <symbol id="sm-e">
         <name>__TI_prof_data_start</name>
         <value>0xffffffff</value>
      </symbol>
      <symbol id="sm-f">
         <name>__TI_prof_data_size</name>
         <value>0xffffffff</value>
      </symbol>
      <symbol id="sm-78">
         <name>color_choice</name>
         <value>0x2000078c</value>
         <object_component_ref idref="oc-e0"/>
      </symbol>
      <symbol id="sm-79">
         <name>CheckPushButton</name>
         <value>0x1ac7</value>
         <object_component_ref idref="oc-9b"/>
      </symbol>
      <symbol id="sm-7a">
         <name>main</name>
         <value>0x1b2b</value>
         <object_component_ref idref="oc-9b"/>
      </symbol>
      <symbol id="sm-7b">
         <name>led_colors</name>
         <value>0x20000774</value>
         <object_component_ref idref="oc-e3"/>
      </symbol>
      <symbol id="sm-7c">
         <name>led_state</name>
         <value>0x20000788</value>
         <object_component_ref idref="oc-e0"/>
      </symbol>
      <symbol id="sm-7d">
         <name>FlashLED</name>
         <value>0x1a65</value>
         <object_component_ref idref="oc-9b"/>
      </symbol>
      <symbol id="sm-9e">
         <name>ResetISR</name>
         <value>0x2cdf</value>
         <object_component_ref idref="oc-27"/>
      </symbol>
      <symbol id="sm-9f">
         <name>g_pfnVectors</name>
         <value>0x0</value>
         <object_component_ref idref="oc-12"/>
      </symbol>
      <symbol id="sm-b8">
         <name>__TI_zero_init_nomemset</name>
         <value>0x2b95</value>
         <object_component_ref idref="oc-47"/>
      </symbol>
      <symbol id="sm-cf">
         <name>__TI_decompress_none</name>
         <value>0x2cd1</value>
         <object_component_ref idref="oc-1b"/>
      </symbol>
      <symbol id="sm-f2">
         <name>__TI_decompress_lzss</name>
         <value>0x267d</value>
         <object_component_ref idref="oc-15"/>
      </symbol>
      <symbol id="sm-105">
         <name>__stack</name>
         <value>0x20000270</value>
         <object_component_ref idref="oc-24"/>
      </symbol>
      <symbol id="sm-106">
         <name>_c_int00_noargs</name>
         <value>0x2a99</value>
         <object_component_ref idref="oc-59"/>
      </symbol>
      <symbol id="sm-121">
         <name>memcpy</name>
         <value>0x2247</value>
         <object_component_ref idref="oc-3b"/>
      </symbol>
      <symbol id="sm-122">
         <name>__aeabi_memcpy</name>
         <value>0x2247</value>
         <object_component_ref idref="oc-3b"/>
      </symbol>
      <symbol id="sm-123">
         <name>__aeabi_memcpy8</name>
         <value>0x2247</value>
         <object_component_ref idref="oc-3b"/>
      </symbol>
      <symbol id="sm-124">
         <name>__aeabi_memcpy4</name>
         <value>0x2247</value>
         <object_component_ref idref="oc-3b"/>
      </symbol>
      <symbol id="sm-133">
         <name>__aeabi_memset</name>
         <value>0x2597</value>
         <object_component_ref idref="oc-8f"/>
      </symbol>
      <symbol id="sm-134">
         <name>memset</name>
         <value>0x259d</value>
         <object_component_ref idref="oc-8f"/>
      </symbol>
      <symbol id="sm-135">
         <name>__aeabi_memset8</name>
         <value>0x2597</value>
         <object_component_ref idref="oc-8f"/>
      </symbol>
      <symbol id="sm-136">
         <name>__aeabi_memset4</name>
         <value>0x2597</value>
         <object_component_ref idref="oc-8f"/>
      </symbol>
      <symbol id="sm-137">
         <name>__aeabi_memclr8</name>
         <value>0x2595</value>
         <object_component_ref idref="oc-8f"/>
      </symbol>
      <symbol id="sm-138">
         <name>__aeabi_memclr4</name>
         <value>0x2595</value>
         <object_component_ref idref="oc-8f"/>
      </symbol>
      <symbol id="sm-139">
         <name>__aeabi_memclr</name>
         <value>0x2595</value>
         <object_component_ref idref="oc-8f"/>
      </symbol>
      <symbol id="sm-161">
         <name>__TI_auto_init_nobinit_nopinit</name>
         <value>0x296d</value>
         <object_component_ref idref="oc-f8"/>
      </symbol>
      <symbol id="sm-16b">
         <name>_system_pre_init</name>
         <value>0x2d1b</value>
         <object_component_ref idref="oc-95"/>
      </symbol>
      <symbol id="sm-177">
         <name>C$$EXIT</name>
         <value>0x2d1f</value>
         <object_component_ref idref="oc-ec"/>
      </symbol>
      <symbol id="sm-178">
         <name>abort</name>
         <value>0x2d1f</value>
         <object_component_ref idref="oc-ec"/>
      </symbol>
      <symbol id="sm-1d7">
         <name>SysTimeWaitAbsolute</name>
         <value>0xd9f</value>
         <object_component_ref idref="oc-ce"/>
      </symbol>
      <symbol id="sm-1d8">
         <name>SysTimeWait</name>
         <value>0xd7b</value>
         <object_component_ref idref="oc-ce"/>
      </symbol>
      <symbol id="sm-1d9">
         <name>LpInit</name>
         <value>0xfc7</value>
         <object_component_ref idref="oc-ce"/>
      </symbol>
      <symbol id="sm-1da">
         <name>SysTimeGet</name>
         <value>0xd4f</value>
         <object_component_ref idref="oc-ce"/>
      </symbol>
      <symbol id="sm-1db">
         <name>SysTimeReached</name>
         <value>0xd55</value>
         <object_component_ref idref="oc-ce"/>
      </symbol>
      <symbol id="sm-1dc">
         <name>ScheduleExecute</name>
         <value>0xe65</value>
         <object_component_ref idref="oc-ce"/>
      </symbol>
      <symbol id="sm-1dd">
         <name>WaitUs</name>
         <value>0xf99</value>
         <object_component_ref idref="oc-ce"/>
      </symbol>
      <symbol id="sm-1de">
         <name>ScheduleCallback</name>
         <value>0xdeb</value>
         <object_component_ref idref="oc-ce"/>
      </symbol>
      <symbol id="sm-1df">
         <name>WaitMs</name>
         <value>0xf69</value>
         <object_component_ref idref="oc-ce"/>
      </symbol>
      <symbol id="sm-1f0">
         <name>LedInit</name>
         <value>0x2511</value>
         <object_component_ref idref="oc-c8"/>
      </symbol>
      <symbol id="sm-1f1">
         <name>LedTurnOnOff</name>
         <value>0x2533</value>
         <object_component_ref idref="oc-c8"/>
      </symbol>
      <symbol id="sm-20f">
         <name>PbInit</name>
         <value>0x23ad</value>
         <object_component_ref idref="oc-d4"/>
      </symbol>
      <symbol id="sm-210">
         <name>PbRead</name>
         <value>0x23c1</value>
         <object_component_ref idref="oc-d4"/>
      </symbol>
      <symbol id="sm-211">
         <name>PbInitForced</name>
         <value>0x2379</value>
         <object_component_ref idref="oc-d4"/>
      </symbol>
      <symbol id="sm-228">
         <name>UartPutString</name>
         <value>0x212f</value>
         <object_component_ref idref="oc-da"/>
      </symbol>
      <symbol id="sm-229">
         <name>UartPutChar</name>
         <value>0x210b</value>
         <object_component_ref idref="oc-da"/>
      </symbol>
      <symbol id="sm-22a">
         <name>UartGetChar</name>
         <value>0x211d</value>
         <object_component_ref idref="oc-da"/>
      </symbol>
      <symbol id="sm-22b">
         <name>uprintf</name>
         <value>0x215b</value>
         <object_component_ref idref="oc-da"/>
      </symbol>
      <symbol id="sm-22c">
         <name>UartInit</name>
         <value>0x20d1</value>
         <object_component_ref idref="oc-da"/>
      </symbol>
      <symbol id="sm-25b">
         <name>vsnprintf</name>
         <value>0x29b1</value>
         <object_component_ref idref="oc-1a8"/>
      </symbol>
      <symbol id="sm-268">
         <name>__aeabi_uldivmod</name>
         <value>0x22e3</value>
         <object_component_ref idref="oc-145"/>
      </symbol>
      <symbol id="sm-3cd">
         <name>__TI_printfi</name>
         <value>0x26d</value>
         <object_component_ref idref="oc-225"/>
      </symbol>
      <symbol id="sm-3d7">
         <name>__aeabi_idiv0</name>
         <value>0xcbb</value>
         <object_component_ref idref="oc-1ed"/>
      </symbol>
      <symbol id="sm-3d8">
         <name>__aeabi_ldiv0</name>
         <value>0xcbb</value>
         <object_component_ref idref="oc-1ed"/>
      </symbol>
      <symbol id="sm-3ef">
         <name>__aeabi_dsub</name>
         <value>0x14cd</value>
         <object_component_ref idref="oc-31f"/>
      </symbol>
      <symbol id="sm-3f0">
         <name>__aeabi_dadd</name>
         <value>0x14d7</value>
         <object_component_ref idref="oc-31f"/>
      </symbol>
      <symbol id="sm-412">
         <name>__aeabi_cdcmpeq</name>
         <value>0x2405</value>
         <object_component_ref idref="oc-2a5"/>
      </symbol>
      <symbol id="sm-413">
         <name>__aeabi_cdcmple</name>
         <value>0x2405</value>
         <object_component_ref idref="oc-2a5"/>
      </symbol>
      <symbol id="sm-414">
         <name>__aeabi_cdrcmple</name>
         <value>0x248b</value>
         <object_component_ref idref="oc-30a"/>
      </symbol>
      <symbol id="sm-428">
         <name>__aeabi_ddiv</name>
         <value>0x192d</value>
         <object_component_ref idref="oc-305"/>
      </symbol>
      <symbol id="sm-433">
         <name>__aeabi_dmul</name>
         <value>0x1ee1</value>
         <object_component_ref idref="oc-300"/>
      </symbol>
      <symbol id="sm-43d">
         <name>__aeabi_d2iz</name>
         <value>0x28dd</value>
         <object_component_ref idref="oc-30f"/>
      </symbol>
      <symbol id="sm-447">
         <name>__aeabi_i2d</name>
         <value>0x2afd</value>
         <object_component_ref idref="oc-31a"/>
      </symbol>
      <symbol id="sm-456">
         <name>__TI_ltoa</name>
         <value>0x279f</value>
         <object_component_ref idref="oc-314"/>
      </symbol>
      <symbol id="sm-46c">
         <name>atoi</name>
         <value>0x2891</value>
         <object_component_ref idref="oc-299"/>
      </symbol>
      <symbol id="sm-477">
         <name>_ctypes_</name>
         <value>0x2d24</value>
         <object_component_ref idref="oc-2f9"/>
      </symbol>
      <symbol id="sm-487">
         <name>memccpy</name>
         <value>0x2bb1</value>
         <object_component_ref idref="oc-2c2"/>
      </symbol>
      <symbol id="sm-497">
         <name>strchr</name>
         <value>0x2c45</value>
         <object_component_ref idref="oc-34b"/>
      </symbol>
      <symbol id="sm-4a5">
         <name>strlen</name>
         <value>0x2c99</value>
         <object_component_ref idref="oc-293"/>
      </symbol>
      <symbol id="sm-4bb">
         <name>__aeabi_errno_addr</name>
         <value>0x2d01</value>
         <object_component_ref idref="oc-2ce"/>
      </symbol>
      <symbol id="sm-4bc">
         <name>errno</name>
         <value>0x20000790</value>
         <object_component_ref idref="oc-35b"/>
      </symbol>
      <symbol id="sm-4dc">
         <name>frexpl</name>
         <value>0x26e5</value>
         <object_component_ref idref="oc-33f"/>
      </symbol>
      <symbol id="sm-4dd">
         <name>frexp</name>
         <value>0x26e5</value>
         <object_component_ref idref="oc-33f"/>
      </symbol>
      <symbol id="sm-4fa">
         <name>scalbn</name>
         <value>0x1dd1</value>
         <object_component_ref idref="oc-345"/>
      </symbol>
      <symbol id="sm-4fb">
         <name>scalbnl</name>
         <value>0x1dd1</value>
         <object_component_ref idref="oc-345"/>
      </symbol>
      <symbol id="sm-4fc">
         <name>ldexpl</name>
         <value>0x1dd1</value>
         <object_component_ref idref="oc-345"/>
      </symbol>
      <symbol id="sm-4fd">
         <name>ldexp</name>
         <value>0x1dd1</value>
         <object_component_ref idref="oc-345"/>
      </symbol>
      <symbol id="sm-507">
         <name>copysign</name>
         <value>0x2be7</value>
         <object_component_ref idref="oc-386"/>
      </symbol>
      <symbol id="sm-508">
         <name>copysignl</name>
         <value>0x2be7</value>
         <object_component_ref idref="oc-386"/>
      </symbol>
      <symbol id="sm-521">
         <name>wcslen</name>
         <value>0x2cad</value>
         <object_component_ref idref="oc-2c8"/>
      </symbol>
      <symbol id="sm-58f">
         <name>GPIOPinConfigure</name>
         <value>0x2845</value>
         <object_component_ref idref="oc-18a"/>
      </symbol>
      <symbol id="sm-590">
         <name>GPIOPinTypeGPIOInput</name>
         <value>0x2c19</value>
         <object_component_ref idref="oc-174"/>
      </symbol>
      <symbol id="sm-591">
         <name>GPIOPinTypeUART</name>
         <value>0x2c2f</value>
         <object_component_ref idref="oc-190"/>
      </symbol>
      <symbol id="sm-592">
         <name>GPIOPinTypeGPIOOutput</name>
         <value>0x2bcd</value>
         <object_component_ref idref="oc-132"/>
      </symbol>
      <symbol id="sm-593">
         <name>GPIOPinRead</name>
         <value>0x2d09</value>
         <object_component_ref idref="oc-180"/>
      </symbol>
      <symbol id="sm-594">
         <name>GPIODirModeSet</name>
         <value>0x2b2b</value>
         <object_component_ref idref="oc-1e0"/>
      </symbol>
      <symbol id="sm-595">
         <name>GPIOPinWrite</name>
         <value>0x2d0f</value>
         <object_component_ref idref="oc-138"/>
      </symbol>
      <symbol id="sm-596">
         <name>GPIOPadConfigSet</name>
         <value>0x1685</value>
         <object_component_ref idref="oc-17a"/>
      </symbol>
      <symbol id="sm-5ad">
         <name>IntRegister</name>
         <value>0x2a31</value>
         <object_component_ref idref="oc-1fa"/>
      </symbol>
      <symbol id="sm-5ae">
         <name>g_pfnRAMVectors</name>
         <value>0x20000000</value>
         <object_component_ref idref="oc-288"/>
      </symbol>
      <symbol id="sm-601">
         <name>SysCtlClockSet</name>
         <value>0x1fdd</value>
         <object_component_ref idref="oc-14b"/>
      </symbol>
      <symbol id="sm-602">
         <name>SysCtlDelay</name>
         <value>0x2d15</value>
         <object_component_ref idref="oc-14a"/>
      </symbol>
      <symbol id="sm-603">
         <name>SysCtlPeripheralEnable</name>
         <value>0x2a65</value>
         <object_component_ref idref="oc-12c"/>
      </symbol>
      <symbol id="sm-604">
         <name>SysCtlClockGet</name>
         <value>0x1cb9</value>
         <object_component_ref idref="oc-151"/>
      </symbol>
      <symbol id="sm-631">
         <name>SysTickEnable</name>
         <value>0x2c5d</value>
         <object_component_ref idref="oc-169"/>
      </symbol>
      <symbol id="sm-632">
         <name>SysTickIntRegister</name>
         <value>0x2b79</value>
         <object_component_ref idref="oc-15d"/>
      </symbol>
      <symbol id="sm-633">
         <name>SysTickIntEnable</name>
         <value>0x2c71</value>
         <object_component_ref idref="oc-163"/>
      </symbol>
      <symbol id="sm-634">
         <name>SysTickPeriodSet</name>
         <value>0x2cc1</value>
         <object_component_ref idref="oc-157"/>
      </symbol>
      <symbol id="sm-667">
         <name>UARTConfigSetExpClk</name>
         <value>0x2925</value>
         <object_component_ref idref="oc-196"/>
      </symbol>
      <symbol id="sm-668">
         <name>UARTDisable</name>
         <value>0x2b59</value>
         <object_component_ref idref="oc-215"/>
      </symbol>
      <symbol id="sm-669">
         <name>UARTCharPut</name>
         <value>0x2cf5</value>
         <object_component_ref idref="oc-19c"/>
      </symbol>
      <symbol id="sm-66a">
         <name>UARTEnable</name>
         <value>0x2c85</value>
         <object_component_ref idref="oc-21b"/>
      </symbol>
      <symbol id="sm-66b">
         <name>UARTCharGet</name>
         <value>0x2ceb</value>
         <object_component_ref idref="oc-1a2"/>
      </symbol>
      <symbol id="sm-66d">
         <name>__TI_static_base__</name>
         <value>0x0</value>
      </symbol>
      <symbol id="sm-670">
         <name>__mpu_init</name>
         <value>0x0</value>
      </symbol>
      <symbol id="sm-671">
         <name>_system_post_cinit</name>
         <value>0x0</value>
      </symbol>
   </symbol_table>
   <title>Link successful</title>
</link_info>
